Archive member included to satisfy reference by file (symbol)

/opt/gcc-arm/bin/../lib/gcc/arm-none-eabi/9.2.1/../../../../arm-none-eabi/lib/thumb/v7-m/nofp/libc.a(lib_a-memcpy.o)
                              rtos/queue.o (memcpy)
/home/chace/Github/chacebot_firmware/firmware/stm32f103c8t6//rtos/libwwg/libwwg.a(usbcdc.o)
                              main.o (usb_start)
/home/chace/Github/chacebot_firmware/firmware/stm32f103c8t6//rtos/libwwg/libwwg.a(miniprintf.o)
                              /home/chace/Github/chacebot_firmware/firmware/stm32f103c8t6//rtos/libwwg/libwwg.a(usbcdc.o) (mini_vprintf_cooked)
/home/chace/Github/chacebot_firmware/firmware/stm32f103c8t6//rtos/libwwg/libwwg.a(mcuio.o)
                              main.o (std_printf)
/home/chace/Github/chacebot_firmware/firmware/stm32f103c8t6//rtos/libwwg/libwwg.a(getline.o)
                              /home/chace/Github/chacebot_firmware/firmware/stm32f103c8t6//rtos/libwwg/libwwg.a(usbcdc.o) (getline)
/home/chace/Github/chacebot_firmware/firmware/stm32f103c8t6//rtos/libwwg/libwwg.a(uartlib.o)
                              /home/chace/Github/chacebot_firmware/firmware/stm32f103c8t6//rtos/libwwg/libwwg.a(mcuio.o) (uart1_putc)
/home/chace/Github/chacebot_firmware/firmware/stm32f103c8t6/libopencm3/lib/libopencm3_stm32f1.a(gpio.o)
                              main.o (gpio_set_mode)
/home/chace/Github/chacebot_firmware/firmware/stm32f103c8t6/libopencm3/lib/libopencm3_stm32f1.a(gpio_common_all.o)
                              main.o (gpio_set)
/home/chace/Github/chacebot_firmware/firmware/stm32f103c8t6/libopencm3/lib/libopencm3_stm32f1.a(rcc.o)
                              main.o (rcc_clock_setup_in_hse_8mhz_out_72mhz)
/home/chace/Github/chacebot_firmware/firmware/stm32f103c8t6/libopencm3/lib/libopencm3_stm32f1.a(rcc_common_all.o)
                              main.o (rcc_periph_clock_enable)
/home/chace/Github/chacebot_firmware/firmware/stm32f103c8t6/libopencm3/lib/libopencm3_stm32f1.a(timer_common_all.o)
                              main.o (timer_enable_irq)
/home/chace/Github/chacebot_firmware/firmware/stm32f103c8t6/libopencm3/lib/libopencm3_stm32f1.a(usart_common_all.o)
                              /home/chace/Github/chacebot_firmware/firmware/stm32f103c8t6//rtos/libwwg/libwwg.a(uartlib.o) (usart_set_baudrate)
/home/chace/Github/chacebot_firmware/firmware/stm32f103c8t6/libopencm3/lib/libopencm3_stm32f1.a(usart_common_f124.o)
                              /home/chace/Github/chacebot_firmware/firmware/stm32f103c8t6/libopencm3/lib/libopencm3_stm32f1.a(usart_common_all.o) (usart_send)
/home/chace/Github/chacebot_firmware/firmware/stm32f103c8t6/libopencm3/lib/libopencm3_stm32f1.a(usb.o)
                              /home/chace/Github/chacebot_firmware/firmware/stm32f103c8t6//rtos/libwwg/libwwg.a(usbcdc.o) (usbd_init)
/home/chace/Github/chacebot_firmware/firmware/stm32f103c8t6/libopencm3/lib/libopencm3_stm32f1.a(usb_control.o)
                              /home/chace/Github/chacebot_firmware/firmware/stm32f103c8t6//rtos/libwwg/libwwg.a(usbcdc.o) (usbd_register_control_callback)
/home/chace/Github/chacebot_firmware/firmware/stm32f103c8t6/libopencm3/lib/libopencm3_stm32f1.a(usb_standard.o)
                              /home/chace/Github/chacebot_firmware/firmware/stm32f103c8t6//rtos/libwwg/libwwg.a(usbcdc.o) (usbd_register_set_config_callback)
/home/chace/Github/chacebot_firmware/firmware/stm32f103c8t6/libopencm3/lib/libopencm3_stm32f1.a(st_usbfs_v1.o)
                              /home/chace/Github/chacebot_firmware/firmware/stm32f103c8t6//rtos/libwwg/libwwg.a(usbcdc.o) (st_usbfs_v1_usb_driver)
/home/chace/Github/chacebot_firmware/firmware/stm32f103c8t6/libopencm3/lib/libopencm3_stm32f1.a(vector.o)
                              (reset_handler)
/home/chace/Github/chacebot_firmware/firmware/stm32f103c8t6/libopencm3/lib/libopencm3_stm32f1.a(nvic.o)
                              main.o (nvic_enable_irq)
/home/chace/Github/chacebot_firmware/firmware/stm32f103c8t6/libopencm3/lib/libopencm3_stm32f1.a(assert.o)
                              /home/chace/Github/chacebot_firmware/firmware/stm32f103c8t6/libopencm3/lib/libopencm3_stm32f1.a(rcc.o) (cm3_assert_failed)
/home/chace/Github/chacebot_firmware/firmware/stm32f103c8t6/libopencm3/lib/libopencm3_stm32f1.a(flash_common_all.o)
                              /home/chace/Github/chacebot_firmware/firmware/stm32f103c8t6/libopencm3/lib/libopencm3_stm32f1.a(rcc.o) (flash_set_ws)
/home/chace/Github/chacebot_firmware/firmware/stm32f103c8t6/libopencm3/lib/libopencm3_stm32f1.a(st_usbfs_core.o)
                              /home/chace/Github/chacebot_firmware/firmware/stm32f103c8t6/libopencm3/lib/libopencm3_stm32f1.a(st_usbfs_v1.o) (st_usbfs_set_address)
/opt/gcc-arm/bin/../lib/gcc/arm-none-eabi/9.2.1/../../../../arm-none-eabi/lib/thumb/v7-m/nofp/libc.a(lib_a-malloc.o)
                              /home/chace/Github/chacebot_firmware/firmware/stm32f103c8t6//rtos/libwwg/libwwg.a(uartlib.o) (malloc)
[...]
Memory Configuration

Name             Origin             Length             Attributes
rom              0x0000000008000000 0x0000000000010000 xr
ram              0x0000000020000000 0x0000000000005000 xrw
*default*        0x0000000000000000 0xffffffffffffffff

Linker script and memory map

LOAD main.o
LOAD rtos/heap_4.o
LOAD rtos/list.o
LOAD rtos/port.o
LOAD rtos/queue.o
LOAD rtos/tasks.o
LOAD rtos/opencm3.o
START GROUP
LOAD /opt/gcc-arm/bin/../lib/gcc/arm-none-eabi/9.2.1/../../../../arm-none-eabi/lib/thumb/v7-m/nofp/libc.a
LOAD /opt/gcc-arm/bin/../lib/gcc/arm-none-eabi/9.2.1/thumb/v7-m/nofp/libgcc.a
LOAD /opt/gcc-arm/bin/../lib/gcc/arm-none-eabi/9.2.1/../../../../arm-none-eabi/lib/thumb/v7-m/nofp/libnosys.a
END GROUP
LOAD /home/chace/Github/chacebot_firmware/firmware/stm32f103c8t6//rtos/libwwg/libwwg.a
LOAD /home/chace/Github/chacebot_firmware/firmware/stm32f103c8t6/libopencm3/lib/libopencm3_stm32f1.a
START GROUP
LOAD /opt/gcc-arm/bin/../lib/gcc/arm-none-eabi/9.2.1/thumb/v7-m/nofp/libgcc.a
LOAD /opt/gcc-arm/bin/../lib/gcc/arm-none-eabi/9.2.1/../../../../arm-none-eabi/lib/thumb/v7-m/nofp/libc.a
END GROUP
START GROUP
LOAD /opt/gcc-arm/bin/../lib/gcc/arm-none-eabi/9.2.1/thumb/v7-m/nofp/libgcc.a
LOAD /opt/gcc-arm/bin/../lib/gcc/arm-none-eabi/9.2.1/../../../../arm-none-eabi/lib/thumb/v7-m/nofp/libc.a
LOAD /opt/gcc-arm/bin/../lib/gcc/arm-none-eabi/9.2.1/../../../../arm-none-eabi/lib/thumb/v7-m/nofp/libnosys.a
END GROUP

.text           0x0000000008000000     0x33b8
 *(.vectors)
 .vectors       0x0000000008000000      0x150 /home/chace/Github/chacebot_firmware/firmware/stm32f103c8t6/libopencm3/lib/libopencm3_stm32f1.a(vector.o)
                0x0000000008000000                vector_table
 *(.text*)
 .text.task4    0x0000000008000150       0x68 main.o
 .text.task3    0x00000000080001b8       0xb8 main.o
 .text.task2    0x0000000008000270       0xb0 main.o
 .text.task1    0x0000000008000320       0xb0 main.o
 .text.tim4_isr
                0x00000000080003d0       0x2c main.o
                0x00000000080003d0                tim4_isr
 .text.tim3_isr
                0x00000000080003fc       0x2c main.o
                0x00000000080003fc                tim3_isr
 .text.tim2_isr
                0x0000000008000428       0x2c main.o
                0x0000000008000428                tim2_isr
 .text.startup.main
                0x0000000008000454       0xac main.o
                0x0000000008000454                main
 .text.prvInsertBlockIntoFreeList
                0x0000000008000500       0x48 rtos/heap_4.o
 .text.pvPortMalloc
                0x0000000008000548       0xe8 rtos/heap_4.o
                0x0000000008000548                pvPortMalloc
 .text.vPortFree
                0x0000000008000630       0x4c rtos/heap_4.o
                0x0000000008000630                vPortFree
 .text.vListInitialise
                0x000000000800067c       0x16 rtos/list.o
                0x000000000800067c                vListInitialise
 .text.vListInitialiseItem
                0x0000000008000692        0x6 rtos/list.o
                0x0000000008000692                vListInitialiseItem
 .text.vListInsertEnd
                0x0000000008000698       0x18 rtos/list.o
                0x0000000008000698                vListInsertEnd
 .text.vListInsert
                0x00000000080006b0       0x2e rtos/list.o
                0x00000000080006b0                vListInsert
 .text.uxListRemove
                0x00000000080006de       0x1e rtos/list.o
                0x00000000080006de                uxListRemove
 .text.prvTaskExitError
                0x00000000080006fc       0x12 rtos/port.o
 *fill*         0x000000000800070e        0x2 
 .text.prvPortStartFirstTask
                0x0000000008000710       0x20 rtos/port.o
 .text.pxPortInitialiseStack
                0x0000000008000730       0x24 rtos/port.o
                0x0000000008000730                pxPortInitialiseStack
 *fill*         0x0000000008000754        0xc 
 .text.vPortSVCHandler
                0x0000000008000760       0x24 rtos/port.o
                0x0000000008000760                vPortSVCHandler
 .text.vPortEnterCritical
                0x0000000008000784       0x20 rtos/port.o
                0x0000000008000784                vPortEnterCritical
 .text.vPortExitCritical
                0x00000000080007a4       0x14 rtos/port.o
                0x00000000080007a4                vPortExitCritical
 *fill*         0x00000000080007b8        0x8 
 .text.xPortPendSVHandler
                0x00000000080007c0       0x44 rtos/port.o
                0x00000000080007c0                xPortPendSVHandler
 .text.xPortSysTickHandler
                0x0000000008000804       0x2c rtos/port.o
                0x0000000008000804                xPortSysTickHandler
 .text.vPortSetupTimerInterrupt
                0x0000000008000830       0x14 rtos/port.o
                0x0000000008000830                vPortSetupTimerInterrupt
 .text.xPortStartScheduler
                0x0000000008000844       0x30 rtos/port.o
                0x0000000008000844                xPortStartScheduler
 .text.prvCopyDataToQueue
                0x0000000008000874       0x6a rtos/queue.o
 .text.prvCopyDataFromQueue
                0x00000000080008de       0x28 rtos/queue.o
 .text.prvUnlockQueue
                0x0000000008000906       0x70 rtos/queue.o
 *fill*         0x0000000008000976        0x2 
 .text.xQueueGenericReset
                0x0000000008000978       0x6c rtos/queue.o
                0x0000000008000978                xQueueGenericReset
 .text.xQueueGenericCreate
                0x00000000080009e4       0x2e rtos/queue.o
                0x00000000080009e4                xQueueGenericCreate
 *fill*         0x0000000008000a12        0x2 
 .text.xQueueGenericSend
                0x0000000008000a14      0x104 rtos/queue.o
                0x0000000008000a14                xQueueGenericSend
 .text.xQueueGenericReceive
                0x0000000008000b18      0x138 rtos/queue.o
                0x0000000008000b18                xQueueGenericReceive
 .text.uxQueueSpacesAvailable
                0x0000000008000c50       0x16 rtos/queue.o
                0x0000000008000c50                uxQueueSpacesAvailable
 *fill*         0x0000000008000c66        0x2 
 .text.prvResetNextTaskUnblockTime
                0x0000000008000c68       0x24 rtos/tasks.o
 .text.prvAddCurrentTaskToDelayedList
                0x0000000008000c8c       0x8c rtos/tasks.o
 .text.xTaskCreate
                0x0000000008000d18      0x1b4 rtos/tasks.o
                0x0000000008000d18                xTaskCreate
 .text.vTaskStartScheduler
                0x0000000008000ecc       0x60 rtos/tasks.o
                0x0000000008000ecc                vTaskStartScheduler
 .text.vTaskSuspendAll
                0x0000000008000f2c       0x10 rtos/tasks.o
                0x0000000008000f2c                vTaskSuspendAll
 .text.xTaskIncrementTick
                0x0000000008000f3c      0x10c rtos/tasks.o
                0x0000000008000f3c                xTaskIncrementTick
 .text.xTaskResumeAll
                0x0000000008001048       0xd8 rtos/tasks.o
                0x0000000008001048                xTaskResumeAll
 .text.vTaskDelay
                0x0000000008001120       0x30 rtos/tasks.o
                0x0000000008001120                vTaskDelay
 .text.prvIdleTask
                0x0000000008001150       0x74 rtos/tasks.o
 .text.vTaskSwitchContext
                0x00000000080011c4       0x60 rtos/tasks.o
                0x00000000080011c4                vTaskSwitchContext
 .text.vTaskPlaceOnEventList
                0x0000000008001224       0x20 rtos/tasks.o
                0x0000000008001224                vTaskPlaceOnEventList
 .text.xTaskRemoveFromEventList
                0x0000000008001244       0x70 rtos/tasks.o
                0x0000000008001244                xTaskRemoveFromEventList
 .text.vTaskSetTimeOutState
                0x00000000080012b4       0x18 rtos/tasks.o
                0x00000000080012b4                vTaskSetTimeOutState
 .text.xTaskCheckForTimeOut
                0x00000000080012cc       0x4c rtos/tasks.o
                0x00000000080012cc                xTaskCheckForTimeOut
 .text.vTaskMissedYield
                0x0000000008001318        0xc rtos/tasks.o
                0x0000000008001318                vTaskMissedYield
 .text.vTaskPriorityInherit
                0x0000000008001324       0x94 rtos/tasks.o
                0x0000000008001324                vTaskPriorityInherit
 .text.xTaskPriorityDisinherit
                0x00000000080013b8       0x70 rtos/tasks.o
                0x00000000080013b8                xTaskPriorityDisinherit
 .text.pvTaskIncrementMutexHeldCount
                0x0000000008001428       0x18 rtos/tasks.o
                0x0000000008001428                pvTaskIncrementMutexHeldCount
 .text.sv_call_handler
                0x0000000008001440        0x4 rtos/opencm3.o
                0x0000000008001440                sv_call_handler
 .text.pend_sv_handler
                0x0000000008001444        0x4 rtos/opencm3.o
                0x0000000008001444                pend_sv_handler
 .text.sys_tick_handler
                0x0000000008001448        0x4 rtos/opencm3.o
                0x0000000008001448                sys_tick_handler
 .text          0x000000000800144c       0xec /opt/gcc-arm/bin/../lib/gcc/arm-none-eabi/9.2.1/../../../../arm-none-eabi/lib/thumb/v7-m/nofp/libc.a(lib_a-memcpy.o)
                0x000000000800144c                memcpy
 .text.cdcacm_control_request
                0x0000000008001538       0x1c /home/chace/Github/chacebot_firmware/firmware/stm32f103c8t6//rtos/libwwg/libwwg.a(usbcdc.o)
 .text.usb_putc
                0x0000000008001554       0x5c /home/chace/Github/chacebot_firmware/firmware/stm32f103c8t6//rtos/libwwg/libwwg.a(usbcdc.o)
                0x0000000008001554                usb_putc
 .text.usb_getc
                0x00000000080015b0       0x2c /home/chace/Github/chacebot_firmware/firmware/stm32f103c8t6//rtos/libwwg/libwwg.a(usbcdc.o)
                0x00000000080015b0                usb_getc
 .text.usb_task
                0x00000000080015dc       0x68 /home/chace/Github/chacebot_firmware/firmware/stm32f103c8t6//rtos/libwwg/libwwg.a(usbcdc.o)
 .text.cdcacm_set_config
                0x0000000008001644       0x54 /home/chace/Github/chacebot_firmware/firmware/stm32f103c8t6//rtos/libwwg/libwwg.a(usbcdc.o)
 .text.cdcacm_data_rx_cb
                0x0000000008001698       0x48 /home/chace/Github/chacebot_firmware/firmware/stm32f103c8t6//rtos/libwwg/libwwg.a(usbcdc.o)
 .text.usb_puts
                0x00000000080016e0       0x12 /home/chace/Github/chacebot_firmware/firmware/stm32f103c8t6//rtos/libwwg/libwwg.a(usbcdc.o)
                0x00000000080016e0                usb_puts
 *fill*         0x00000000080016f2        0x2 
 .text.usb_vprintf
                0x00000000080016f4       0x10 /home/chace/Github/chacebot_firmware/firmware/stm32f103c8t6//rtos/libwwg/libwwg.a(usbcdc.o)
                0x00000000080016f4                usb_vprintf
 .text.usb_write
                0x0000000008001704       0x24 /home/chace/Github/chacebot_firmware/firmware/stm32f103c8t6//rtos/libwwg/libwwg.a(usbcdc.o)
                0x0000000008001704                usb_write
 .text.usb_peek
                0x0000000008001728       0x28 /home/chace/Github/chacebot_firmware/firmware/stm32f103c8t6//rtos/libwwg/libwwg.a(usbcdc.o)
                0x0000000008001728                usb_peek
 .text.usb_gets
                0x0000000008001750       0x4c /home/chace/Github/chacebot_firmware/firmware/stm32f103c8t6//rtos/libwwg/libwwg.a(usbcdc.o)
                0x0000000008001750                usb_gets
 .text.usb_getline
                0x000000000800179c       0x10 /home/chace/Github/chacebot_firmware/firmware/stm32f103c8t6//rtos/libwwg/libwwg.a(usbcdc.o)
                0x000000000800179c                usb_getline
 .text.usb_start
                0x00000000080017ac       0x98 /home/chace/Github/chacebot_firmware/firmware/stm32f103c8t6//rtos/libwwg/libwwg.a(usbcdc.o)
                0x00000000080017ac                usb_start
 .text.mini_write
                0x0000000008001844       0x16 /home/chace/Github/chacebot_firmware/firmware/stm32f103c8t6//rtos/libwwg/libwwg.a(miniprintf.o)
 .text.mini_putc
                0x000000000800185a       0x2a /home/chace/Github/chacebot_firmware/firmware/stm32f103c8t6//rtos/libwwg/libwwg.a(miniprintf.o)
 .text.mini_pad
                0x0000000008001884       0x24 /home/chace/Github/chacebot_firmware/firmware/stm32f103c8t6//rtos/libwwg/libwwg.a(miniprintf.o)
 .text.internal_vprintf
                0x00000000080018a8      0x1f0 /home/chace/Github/chacebot_firmware/firmware/stm32f103c8t6//rtos/libwwg/libwwg.a(miniprintf.o)
 .text.mini_vprintf_cooked
                0x0000000008001a98       0x30 /home/chace/Github/chacebot_firmware/firmware/stm32f103c8t6//rtos/libwwg/libwwg.a(miniprintf.o)
                0x0000000008001a98                mini_vprintf_cooked
 .text.std_printf
                0x0000000008001ac8       0x24 /home/chace/Github/chacebot_firmware/firmware/stm32f103c8t6//rtos/libwwg/libwwg.a(mcuio.o)
                0x0000000008001ac8                std_printf
 .text.getline  0x0000000008001aec      0x182 /home/chace/Github/chacebot_firmware/firmware/stm32f103c8t6//rtos/libwwg/libwwg.a(getline.o)
                0x0000000008001aec                getline
 *fill*         0x0000000008001c6e        0x2 
 .text.uart_common_isr
                0x0000000008001c70       0x44 /home/chace/Github/chacebot_firmware/firmware/stm32f103c8t6//rtos/libwwg/libwwg.a(uartlib.o)
 .text.usart1_isr
                0x0000000008001cb4        0x6 /home/chace/Github/chacebot_firmware/firmware/stm32f103c8t6//rtos/libwwg/libwwg.a(uartlib.o)
                0x0000000008001cb4                usart1_isr
 .text.usart2_isr
                0x0000000008001cba        0x6 /home/chace/Github/chacebot_firmware/firmware/stm32f103c8t6//rtos/libwwg/libwwg.a(uartlib.o)
                0x0000000008001cba                usart2_isr
 .text.usart3_isr
                0x0000000008001cc0        0x6 /home/chace/Github/chacebot_firmware/firmware/stm32f103c8t6//rtos/libwwg/libwwg.a(uartlib.o)
                0x0000000008001cc0                usart3_isr
 *fill*         0x0000000008001cc6        0x2 
 .text.putc_uart
                0x0000000008001cc8       0x34 /home/chace/Github/chacebot_firmware/firmware/stm32f103c8t6//rtos/libwwg/libwwg.a(uartlib.o)
                0x0000000008001cc8                putc_uart
 .text.uart1_putc
                0x0000000008001cfc       0x1c /home/chace/Github/chacebot_firmware/firmware/stm32f103c8t6//rtos/libwwg/libwwg.a(uartlib.o)
                0x0000000008001cfc                uart1_putc
 .text.uart2_putc
                0x0000000008001d18       0x1c /home/chace/Github/chacebot_firmware/firmware/stm32f103c8t6//rtos/libwwg/libwwg.a(uartlib.o)
                0x0000000008001d18                uart2_putc
 .text.uart3_putc
                0x0000000008001d34       0x1c /home/chace/Github/chacebot_firmware/firmware/stm32f103c8t6//rtos/libwwg/libwwg.a(uartlib.o)
                0x0000000008001d34                uart3_putc
 .text.getc_uart
                0x0000000008001d50       0x4c /home/chace/Github/chacebot_firmware/firmware/stm32f103c8t6//rtos/libwwg/libwwg.a(uartlib.o)
                0x0000000008001d50                getc_uart
 .text.uart1_getc
                0x0000000008001d9c        0xa /home/chace/Github/chacebot_firmware/firmware/stm32f103c8t6//rtos/libwwg/libwwg.a(uartlib.o)
                0x0000000008001d9c                uart1_getc
 .text.uart2_getc
                0x0000000008001da6        0xa /home/chace/Github/chacebot_firmware/firmware/stm32f103c8t6//rtos/libwwg/libwwg.a(uartlib.o)
                0x0000000008001da6                uart2_getc
 .text.uart3_getc
                0x0000000008001db0        0xa /home/chace/Github/chacebot_firmware/firmware/stm32f103c8t6//rtos/libwwg/libwwg.a(uartlib.o)
                0x0000000008001db0                uart3_getc
 .text.gpio_set_mode
                0x0000000008001dba       0x5e /home/chace/Github/chacebot_firmware/firmware/stm32f103c8t6/libopencm3/lib/libopencm3_stm32f1.a(gpio.o)
                0x0000000008001dba                gpio_set_mode
 .text.gpio_set
                0x0000000008001e18        0x4 /home/chace/Github/chacebot_firmware/firmware/stm32f103c8t6/libopencm3/lib/libopencm3_stm32f1.a(gpio_common_all.o)
                0x0000000008001e18                gpio_set
 .text.gpio_clear
                0x0000000008001e1c        0x6 /home/chace/Github/chacebot_firmware/firmware/stm32f103c8t6/libopencm3/lib/libopencm3_stm32f1.a(gpio_common_all.o)
                0x0000000008001e1c                gpio_clear
 *fill*         0x0000000008001e22        0x2 
 .text.rcc_osc_on.part.0
                0x0000000008001e24       0x10 /home/chace/Github/chacebot_firmware/firmware/stm32f103c8t6/libopencm3/lib/libopencm3_stm32f1.a(rcc.o)
 .text.rcc_is_osc_ready
                0x0000000008001e34       0x5c /home/chace/Github/chacebot_firmware/firmware/stm32f103c8t6/libopencm3/lib/libopencm3_stm32f1.a(rcc.o)
                0x0000000008001e34                rcc_is_osc_ready
 .text.rcc_wait_for_osc_ready
                0x0000000008001e90       0x10 /home/chace/Github/chacebot_firmware/firmware/stm32f103c8t6/libopencm3/lib/libopencm3_stm32f1.a(rcc.o)
                0x0000000008001e90                rcc_wait_for_osc_ready
 .text.rcc_osc_on
                0x0000000008001ea0       0x54 /home/chace/Github/chacebot_firmware/firmware/stm32f103c8t6/libopencm3/lib/libopencm3_stm32f1.a(rcc.o)
                0x0000000008001ea0                rcc_osc_on
 .text.rcc_set_sysclk_source
                0x0000000008001ef4       0x14 /home/chace/Github/chacebot_firmware/firmware/stm32f103c8t6/libopencm3/lib/libopencm3_stm32f1.a(rcc.o)
                0x0000000008001ef4                rcc_set_sysclk_source
 .text.rcc_set_pll_multiplication_factor
                0x0000000008001f08       0x14 /home/chace/Github/chacebot_firmware/firmware/stm32f103c8t6/libopencm3/lib/libopencm3_stm32f1.a(rcc.o)
                0x0000000008001f08                rcc_set_pll_multiplication_factor
 .text.rcc_set_pll_source
                0x0000000008001f1c       0x14 /home/chace/Github/chacebot_firmware/firmware/stm32f103c8t6/libopencm3/lib/libopencm3_stm32f1.a(rcc.o)
                0x0000000008001f1c                rcc_set_pll_source
 .text.rcc_set_pllxtpre
                0x0000000008001f30       0x14 /home/chace/Github/chacebot_firmware/firmware/stm32f103c8t6/libopencm3/lib/libopencm3_stm32f1.a(rcc.o)
                0x0000000008001f30                rcc_set_pllxtpre
 .text.rcc_set_adcpre
                0x0000000008001f44       0x14 /home/chace/Github/chacebot_firmware/firmware/stm32f103c8t6/libopencm3/lib/libopencm3_stm32f1.a(rcc.o)
                0x0000000008001f44                rcc_set_adcpre
 .text.rcc_set_ppre2
                0x0000000008001f58       0x14 /home/chace/Github/chacebot_firmware/firmware/stm32f103c8t6/libopencm3/lib/libopencm3_stm32f1.a(rcc.o)
                0x0000000008001f58                rcc_set_ppre2
 .text.rcc_set_ppre1
                0x0000000008001f6c       0x14 /home/chace/Github/chacebot_firmware/firmware/stm32f103c8t6/libopencm3/lib/libopencm3_stm32f1.a(rcc.o)
                0x0000000008001f6c                rcc_set_ppre1
 .text.rcc_set_hpre
                0x0000000008001f80       0x14 /home/chace/Github/chacebot_firmware/firmware/stm32f103c8t6/libopencm3/lib/libopencm3_stm32f1.a(rcc.o)
                0x0000000008001f80                rcc_set_hpre
 .text.rcc_clock_setup_in_hse_8mhz_out_72mhz
                0x0000000008001f94       0x8c /home/chace/Github/chacebot_firmware/firmware/stm32f103c8t6/libopencm3/lib/libopencm3_stm32f1.a(rcc.o)
                0x0000000008001f94                rcc_clock_setup_in_hse_8mhz_out_72mhz
 .text.rcc_periph_clock_enable
                0x0000000008002020       0x1c /home/chace/Github/chacebot_firmware/firmware/stm32f103c8t6/libopencm3/lib/libopencm3_stm32f1.a(rcc_common_all.o)
                0x0000000008002020                rcc_periph_clock_enable
 .text.rcc_periph_reset_pulse
                0x000000000800203c       0x24 /home/chace/Github/chacebot_firmware/firmware/stm32f103c8t6/libopencm3/lib/libopencm3_stm32f1.a(rcc_common_all.o)
                0x000000000800203c                rcc_periph_reset_pulse
 .text.timer_enable_irq
                0x0000000008002060        0x8 /home/chace/Github/chacebot_firmware/firmware/stm32f103c8t6/libopencm3/lib/libopencm3_stm32f1.a(timer_common_all.o)
                0x0000000008002060                timer_enable_irq
 .text.timer_clear_flag
                0x0000000008002068        0x6 /home/chace/Github/chacebot_firmware/firmware/stm32f103c8t6/libopencm3/lib/libopencm3_stm32f1.a(timer_common_all.o)
                0x0000000008002068                timer_clear_flag
 .text.timer_set_mode
                0x000000000800206e       0x12 /home/chace/Github/chacebot_firmware/firmware/stm32f103c8t6/libopencm3/lib/libopencm3_stm32f1.a(timer_common_all.o)
                0x000000000800206e                timer_set_mode
 .text.timer_enable_counter
                0x0000000008002080        0xa /home/chace/Github/chacebot_firmware/firmware/stm32f103c8t6/libopencm3/lib/libopencm3_stm32f1.a(timer_common_all.o)
                0x0000000008002080                timer_enable_counter
 .text.timer_disable_counter
                0x000000000800208a        0xa /home/chace/Github/chacebot_firmware/firmware/stm32f103c8t6/libopencm3/lib/libopencm3_stm32f1.a(timer_common_all.o)
                0x000000000800208a                timer_disable_counter
 .text.timer_set_prescaler
                0x0000000008002094        0x4 /home/chace/Github/chacebot_firmware/firmware/stm32f103c8t6/libopencm3/lib/libopencm3_stm32f1.a(timer_common_all.o)
                0x0000000008002094                timer_set_prescaler
 .text.timer_ic_set_filter
                0x0000000008002098       0x50 /home/chace/Github/chacebot_firmware/firmware/stm32f103c8t6/libopencm3/lib/libopencm3_stm32f1.a(timer_common_all.o)
                0x0000000008002098                timer_ic_set_filter
 .text.timer_ic_set_input
                0x00000000080020e8       0x62 /home/chace/Github/chacebot_firmware/firmware/stm32f103c8t6/libopencm3/lib/libopencm3_stm32f1.a(timer_common_all.o)
                0x00000000080020e8                timer_ic_set_input
 .text.timer_ic_enable
                0x000000000800214a        0xe /home/chace/Github/chacebot_firmware/firmware/stm32f103c8t6/libopencm3/lib/libopencm3_stm32f1.a(timer_common_all.o)
                0x000000000800214a                timer_ic_enable
 .text.timer_slave_set_mode
                0x0000000008002158       0x10 /home/chace/Github/chacebot_firmware/firmware/stm32f103c8t6/libopencm3/lib/libopencm3_stm32f1.a(timer_common_all.o)
                0x0000000008002158                timer_slave_set_mode
 .text.timer_slave_set_trigger
                0x0000000008002168       0x10 /home/chace/Github/chacebot_firmware/firmware/stm32f103c8t6/libopencm3/lib/libopencm3_stm32f1.a(timer_common_all.o)
                0x0000000008002168                timer_slave_set_trigger
 .text.usart_send_blocking
                0x0000000008002178       0x16 /home/chace/Github/chacebot_firmware/firmware/stm32f103c8t6/libopencm3/lib/libopencm3_stm32f1.a(usart_common_all.o)
                0x0000000008002178                usart_send_blocking
 .text.usart_send
                0x000000000800218e        0x8 /home/chace/Github/chacebot_firmware/firmware/stm32f103c8t6/libopencm3/lib/libopencm3_stm32f1.a(usart_common_f124.o)
                0x000000000800218e                usart_send
 .text.usart_wait_send_ready
                0x0000000008002196        0x8 /home/chace/Github/chacebot_firmware/firmware/stm32f103c8t6/libopencm3/lib/libopencm3_stm32f1.a(usart_common_f124.o)
                0x0000000008002196                usart_wait_send_ready
 *fill*         0x000000000800219e        0x2 
 .text.usbd_init
                0x00000000080021a0       0x50 /home/chace/Github/chacebot_firmware/firmware/stm32f103c8t6/libopencm3/lib/libopencm3_stm32f1.a(usb.o)
                0x00000000080021a0                usbd_init
 .text.usbd_poll
                0x00000000080021f0        0x8 /home/chace/Github/chacebot_firmware/firmware/stm32f103c8t6/libopencm3/lib/libopencm3_stm32f1.a(usb.o)
                0x00000000080021f0                usbd_poll
 .text.usbd_ep_setup
                0x00000000080021f8        0xe /home/chace/Github/chacebot_firmware/firmware/stm32f103c8t6/libopencm3/lib/libopencm3_stm32f1.a(usb.o)
                0x00000000080021f8                usbd_ep_setup
 .text._usbd_reset
                0x0000000008002206       0x32 /home/chace/Github/chacebot_firmware/firmware/stm32f103c8t6/libopencm3/lib/libopencm3_stm32f1.a(usb.o)
                0x0000000008002206                _usbd_reset
 .text.usbd_ep_write_packet
                0x0000000008002238        0xe /home/chace/Github/chacebot_firmware/firmware/stm32f103c8t6/libopencm3/lib/libopencm3_stm32f1.a(usb.o)
                0x0000000008002238                usbd_ep_write_packet
 .text.usbd_ep_read_packet
                0x0000000008002246        0xe /home/chace/Github/chacebot_firmware/firmware/stm32f103c8t6/libopencm3/lib/libopencm3_stm32f1.a(usb.o)
                0x0000000008002246                usbd_ep_read_packet
 .text.usbd_ep_stall_set
                0x0000000008002254        0x8 /home/chace/Github/chacebot_firmware/firmware/stm32f103c8t6/libopencm3/lib/libopencm3_stm32f1.a(usb.o)
                0x0000000008002254                usbd_ep_stall_set
 .text.usbd_ep_stall_get
                0x000000000800225c        0x8 /home/chace/Github/chacebot_firmware/firmware/stm32f103c8t6/libopencm3/lib/libopencm3_stm32f1.a(usb.o)
                0x000000000800225c                usbd_ep_stall_get
 .text.usbd_ep_nak_set
                0x0000000008002264        0x8 /home/chace/Github/chacebot_firmware/firmware/stm32f103c8t6/libopencm3/lib/libopencm3_stm32f1.a(usb.o)
                0x0000000008002264                usbd_ep_nak_set
 .text.usb_control_send_chunk
                0x000000000800226c       0x52 /home/chace/Github/chacebot_firmware/firmware/stm32f103c8t6/libopencm3/lib/libopencm3_stm32f1.a(usb_control.o)
 .text.usb_control_request_dispatch
                0x00000000080022be       0x60 /home/chace/Github/chacebot_firmware/firmware/stm32f103c8t6/libopencm3/lib/libopencm3_stm32f1.a(usb_control.o)
 .text.stall_transaction
                0x000000000800231e       0x14 /home/chace/Github/chacebot_firmware/firmware/stm32f103c8t6/libopencm3/lib/libopencm3_stm32f1.a(usb_control.o)
 .text.usb_control_recv_chunk
                0x0000000008002332       0x3c /home/chace/Github/chacebot_firmware/firmware/stm32f103c8t6/libopencm3/lib/libopencm3_stm32f1.a(usb_control.o)
 .text.usb_control_setup_read
                0x000000000800236e       0x66 /home/chace/Github/chacebot_firmware/firmware/stm32f103c8t6/libopencm3/lib/libopencm3_stm32f1.a(usb_control.o)
 .text.usbd_register_control_callback
                0x00000000080023d4       0x2c /home/chace/Github/chacebot_firmware/firmware/stm32f103c8t6/libopencm3/lib/libopencm3_stm32f1.a(usb_control.o)
                0x00000000080023d4                usbd_register_control_callback
 .text._usbd_control_setup
                0x0000000008002400       0x60 /home/chace/Github/chacebot_firmware/firmware/stm32f103c8t6/libopencm3/lib/libopencm3_stm32f1.a(usb_control.o)
                0x0000000008002400                _usbd_control_setup
 .text._usbd_control_out
                0x0000000008002460       0x82 /home/chace/Github/chacebot_firmware/firmware/stm32f103c8t6/libopencm3/lib/libopencm3_stm32f1.a(usb_control.o)
                0x0000000008002460                _usbd_control_out
 .text._usbd_control_in
                0x00000000080024e2       0x64 /home/chace/Github/chacebot_firmware/firmware/stm32f103c8t6/libopencm3/lib/libopencm3_stm32f1.a(usb_control.o)
                0x00000000080024e2                _usbd_control_in
 .text.usb_standard_set_address
                0x0000000008002546       0x2a /home/chace/Github/chacebot_firmware/firmware/stm32f103c8t6/libopencm3/lib/libopencm3_stm32f1.a(usb_standard.o)
 .text.usb_standard_set_configuration
                0x0000000008002570       0x92 /home/chace/Github/chacebot_firmware/firmware/stm32f103c8t6/libopencm3/lib/libopencm3_stm32f1.a(usb_standard.o)
 .text.usb_standard_get_configuration
                0x0000000008002602       0x22 /home/chace/Github/chacebot_firmware/firmware/stm32f103c8t6/libopencm3/lib/libopencm3_stm32f1.a(usb_standard.o)
 .text.usb_standard_get_interface
                0x0000000008002624       0x34 /home/chace/Github/chacebot_firmware/firmware/stm32f103c8t6/libopencm3/lib/libopencm3_stm32f1.a(usb_standard.o)
 .text.usb_standard_device_get_status
                0x0000000008002658       0x18 /home/chace/Github/chacebot_firmware/firmware/stm32f103c8t6/libopencm3/lib/libopencm3_stm32f1.a(usb_standard.o)
 .text.usb_standard_endpoint_get_status
                0x0000000008002670       0x2a /home/chace/Github/chacebot_firmware/firmware/stm32f103c8t6/libopencm3/lib/libopencm3_stm32f1.a(usb_standard.o)
 .text.usb_standard_endpoint_stall
                0x000000000800269a       0x10 /home/chace/Github/chacebot_firmware/firmware/stm32f103c8t6/libopencm3/lib/libopencm3_stm32f1.a(usb_standard.o)
 .text.usb_standard_endpoint_unstall
                0x00000000080026aa       0x10 /home/chace/Github/chacebot_firmware/firmware/stm32f103c8t6/libopencm3/lib/libopencm3_stm32f1.a(usb_standard.o)
 .text.usb_standard_set_interface
                0x00000000080026ba       0x50 /home/chace/Github/chacebot_firmware/firmware/stm32f103c8t6/libopencm3/lib/libopencm3_stm32f1.a(usb_standard.o)
 .text.usb_standard_get_descriptor
                0x000000000800270a      0x26a /home/chace/Github/chacebot_firmware/firmware/stm32f103c8t6/libopencm3/lib/libopencm3_stm32f1.a(usb_standard.o)
 .text.usb_standard_interface_get_status
                0x0000000008002974       0x18 /home/chace/Github/chacebot_firmware/firmware/stm32f103c8t6/libopencm3/lib/libopencm3_stm32f1.a(usb_standard.o)
 .text.usbd_register_set_config_callback
                0x000000000800298c       0x2c /home/chace/Github/chacebot_firmware/firmware/stm32f103c8t6/libopencm3/lib/libopencm3_stm32f1.a(usb_standard.o)
                0x000000000800298c                usbd_register_set_config_callback
 .text._usbd_standard_request_device
                0x00000000080029b8       0x48 /home/chace/Github/chacebot_firmware/firmware/stm32f103c8t6/libopencm3/lib/libopencm3_stm32f1.a(usb_standard.o)
                0x00000000080029b8                _usbd_standard_request_device
 .text._usbd_standard_request_interface
                0x0000000008002a00       0x30 /home/chace/Github/chacebot_firmware/firmware/stm32f103c8t6/libopencm3/lib/libopencm3_stm32f1.a(usb_standard.o)
                0x0000000008002a00                _usbd_standard_request_interface
 .text._usbd_standard_request_endpoint
                0x0000000008002a30       0x3c /home/chace/Github/chacebot_firmware/firmware/stm32f103c8t6/libopencm3/lib/libopencm3_stm32f1.a(usb_standard.o)
                0x0000000008002a30                _usbd_standard_request_endpoint
 .text._usbd_standard_request
                0x0000000008002a6c       0x30 /home/chace/Github/chacebot_firmware/firmware/stm32f103c8t6/libopencm3/lib/libopencm3_stm32f1.a(usb_standard.o)
                0x0000000008002a6c                _usbd_standard_request
 .text.st_usbfs_v1_usbd_init
                0x0000000008002a9c       0x30 /home/chace/Github/chacebot_firmware/firmware/stm32f103c8t6/libopencm3/lib/libopencm3_stm32f1.a(st_usbfs_v1.o)
 .text.st_usbfs_copy_to_pm
                0x0000000008002acc       0x18 /home/chace/Github/chacebot_firmware/firmware/stm32f103c8t6/libopencm3/lib/libopencm3_stm32f1.a(st_usbfs_v1.o)
                0x0000000008002acc                st_usbfs_copy_to_pm
 .text.st_usbfs_copy_from_pm
                0x0000000008002ae4       0x26 /home/chace/Github/chacebot_firmware/firmware/stm32f103c8t6/libopencm3/lib/libopencm3_stm32f1.a(st_usbfs_v1.o)
                0x0000000008002ae4                st_usbfs_copy_from_pm
 .text.blocking_handler
                0x0000000008002b0a        0x2 /home/chace/Github/chacebot_firmware/firmware/stm32f103c8t6/libopencm3/lib/libopencm3_stm32f1.a(vector.o)
                0x0000000008002b0a                rtc_isr
                0x0000000008002b0a                tim7_isr
                0x0000000008002b0a                adc1_2_isr
                0x0000000008002b0a                tim1_trg_com_isr
                0x0000000008002b0a                usb_hp_can_tx_isr
                0x0000000008002b0a                tim6_isr
                0x0000000008002b0a                usb_wakeup_isr
                0x0000000008002b0a                blocking_handler
                0x0000000008002b0a                tim5_isr
                0x0000000008002b0a                otg_fs_isr
                0x0000000008002b0a                spi1_isr
                0x0000000008002b0a                exti2_isr
                0x0000000008002b0a                dma1_channel6_isr
                0x0000000008002b0a                can_rx1_isr
                0x0000000008002b0a                dma1_channel5_isr
                0x0000000008002b0a                dma2_channel5_isr
                0x0000000008002b0a                usage_fault_handler
                0x0000000008002b0a                tim8_trg_com_isr
                0x0000000008002b0a                can2_rx0_isr
                0x0000000008002b0a                tim1_brk_isr
                0x0000000008002b0a                can2_rx1_isr
                0x0000000008002b0a                tim1_cc_isr
                0x0000000008002b0a                sdio_isr
                0x0000000008002b0a                eth_isr
                0x0000000008002b0a                dma1_channel4_isr
                0x0000000008002b0a                tim8_brk_isr
                0x0000000008002b0a                dma2_channel4_5_isr
                0x0000000008002b0a                pvd_isr
                0x0000000008002b0a                rcc_isr
                0x0000000008002b0a                flash_isr
                0x0000000008002b0a                uart4_isr
                0x0000000008002b0a                rtc_alarm_isr
                0x0000000008002b0a                exti15_10_isr
                0x0000000008002b0a                hard_fault_handler
                0x0000000008002b0a                exti1_isr
                0x0000000008002b0a                i2c1_ev_isr
                0x0000000008002b0a                dma2_channel1_isr
                0x0000000008002b0a                spi2_isr
                0x0000000008002b0a                tim8_up_isr
                0x0000000008002b0a                dma2_channel2_isr
                0x0000000008002b0a                exti3_isr
                0x0000000008002b0a                adc3_isr
                0x0000000008002b0a                usb_lp_can_rx0_isr
                0x0000000008002b0a                i2c2_er_isr
                0x0000000008002b0a                i2c2_ev_isr
                0x0000000008002b0a                uart5_isr
                0x0000000008002b0a                fsmc_isr
                0x0000000008002b0a                dma1_channel1_isr
                0x0000000008002b0a                exti4_isr
                0x0000000008002b0a                mem_manage_handler
                0x0000000008002b0a                can2_tx_isr
                0x0000000008002b0a                exti9_5_isr
                0x0000000008002b0a                dma2_channel3_isr
                0x0000000008002b0a                dma1_channel7_isr
                0x0000000008002b0a                tim1_up_isr
                0x0000000008002b0a                can2_sce_isr
                0x0000000008002b0a                dma1_channel2_isr
                0x0000000008002b0a                i2c1_er_isr
                0x0000000008002b0a                can_sce_isr
                0x0000000008002b0a                tim8_cc_isr
                0x0000000008002b0a                tamper_isr
                0x0000000008002b0a                eth_wkup_isr
                0x0000000008002b0a                bus_fault_handler
                0x0000000008002b0a                wwdg_isr
                0x0000000008002b0a                dma1_channel3_isr
                0x0000000008002b0a                spi3_isr
                0x0000000008002b0a                exti0_isr
 .text.null_handler
                0x0000000008002b0c        0x2 /home/chace/Github/chacebot_firmware/firmware/stm32f103c8t6/libopencm3/lib/libopencm3_stm32f1.a(vector.o)
                0x0000000008002b0c                null_handler
                0x0000000008002b0c                debug_monitor_handler
                0x0000000008002b0c                nmi_handler
 *fill*         0x0000000008002b0e        0x2 
 .text.reset_handler
                0x0000000008002b10       0x90 /home/chace/Github/chacebot_firmware/firmware/stm32f103c8t6/libopencm3/lib/libopencm3_stm32f1.a(vector.o)
                0x0000000008002b10                reset_handler
 .text.nvic_enable_irq
                0x0000000008002ba0       0x1a /home/chace/Github/chacebot_firmware/firmware/stm32f103c8t6/libopencm3/lib/libopencm3_stm32f1.a(nvic.o)
                0x0000000008002ba0                nvic_enable_irq
 *fill*         0x0000000008002bba        0x2 
 .text.nvic_set_priority
                0x0000000008002bbc       0x20 /home/chace/Github/chacebot_firmware/firmware/stm32f103c8t6/libopencm3/lib/libopencm3_stm32f1.a(nvic.o)
                0x0000000008002bbc                nvic_set_priority
 .text.flash_set_ws
                0x0000000008002bdc       0x14 /home/chace/Github/chacebot_firmware/firmware/stm32f103c8t6/libopencm3/lib/libopencm3_stm32f1.a(flash_common_all.o)
                0x0000000008002bdc                flash_set_ws
 .text.st_usbfs_set_address
                0x0000000008002bf0       0x10 /home/chace/Github/chacebot_firmware/firmware/stm32f103c8t6/libopencm3/lib/libopencm3_stm32f1.a(st_usbfs_core.o)
                0x0000000008002bf0                st_usbfs_set_address
 .text.st_usbfs_set_ep_rx_bufsize
                0x0000000008002c00       0x40 /home/chace/Github/chacebot_firmware/firmware/stm32f103c8t6/libopencm3/lib/libopencm3_stm32f1.a(st_usbfs_core.o)
                0x0000000008002c00                st_usbfs_set_ep_rx_bufsize
 .text.st_usbfs_ep_setup
                0x0000000008002c40      0x124 /home/chace/Github/chacebot_firmware/firmware/stm32f103c8t6/libopencm3/lib/libopencm3_stm32f1.a(st_usbfs_core.o)
                0x0000000008002c40                st_usbfs_ep_setup
 .text.st_usbfs_endpoints_reset
                0x0000000008002d64       0x44 /home/chace/Github/chacebot_firmware/firmware/stm32f103c8t6/libopencm3/lib/libopencm3_stm32f1.a(st_usbfs_core.o)
                0x0000000008002d64                st_usbfs_endpoints_reset
 .text.st_usbfs_ep_stall_set
                0x0000000008002da8       0xc0 /home/chace/Github/chacebot_firmware/firmware/stm32f103c8t6/libopencm3/lib/libopencm3_stm32f1.a(st_usbfs_core.o)
                0x0000000008002da8                st_usbfs_ep_stall_set
 .text.st_usbfs_ep_stall_get
                0x0000000008002e68       0x38 /home/chace/Github/chacebot_firmware/firmware/stm32f103c8t6/libopencm3/lib/libopencm3_stm32f1.a(st_usbfs_core.o)
                0x0000000008002e68                st_usbfs_ep_stall_get
 .text.st_usbfs_ep_nak_set
                0x0000000008002ea0       0x3c /home/chace/Github/chacebot_firmware/firmware/stm32f103c8t6/libopencm3/lib/libopencm3_stm32f1.a(st_usbfs_core.o)
                0x0000000008002ea0                st_usbfs_ep_nak_set
 .text.st_usbfs_ep_write_packet
                0x0000000008002edc       0x80 /home/chace/Github/chacebot_firmware/firmware/stm32f103c8t6/libopencm3/lib/libopencm3_stm32f1.a(st_usbfs_core.o)
                0x0000000008002edc                st_usbfs_ep_write_packet
 .text.st_usbfs_ep_read_packet
                0x0000000008002f5c       0xac /home/chace/Github/chacebot_firmware/firmware/stm32f103c8t6/libopencm3/lib/libopencm3_stm32f1.a(st_usbfs_core.o)
                0x0000000008002f5c                st_usbfs_ep_read_packet
 .text.st_usbfs_poll
                0x0000000008003008       0xe8 /home/chace/Github/chacebot_firmware/firmware/stm32f103c8t6/libopencm3/lib/libopencm3_stm32f1.a(st_usbfs_core.o)
                0x0000000008003008                st_usbfs_poll
 .text.memmove  0x00000000080030f0       0xd4 /opt/gcc-arm/bin/../lib/gcc/arm-none-eabi/9.2.1/../../../../arm-none-eabi/lib/thumb/v7-m/nofp/libc.a(lib_a-memmove.o)
                0x00000000080030f0                memmove
 .text.strlen   0x00000000080031c4       0x5c /opt/gcc-arm/bin/../lib/gcc/arm-none-eabi/9.2.1/../../../../arm-none-eabi/lib/thumb/v7-m/nofp/libc.a(lib_a-strlen-stub.o)
                0x00000000080031c4                strlen
                0x0000000008003220                . = ALIGN (0x4)
 *(.rodata*)
 .rodata.task4.str1.1
                0x0000000008003220        0xd main.o
 .rodata.main.str1.1
                0x000000000800322d       0x1b main.o
 .rodata.vTaskStartScheduler.str1.1
                0x0000000008003248        0x5 rtos/tasks.o
 .rodata.usb_start.str1.1
                0x000000000800324d        0x4 /home/chace/Github/chacebot_firmware/firmware/stm32f103c8t6//rtos/libwwg/libwwg.a(usbcdc.o)
 .rodata.str1.1
                0x0000000008003251       0x29 /home/chace/Github/chacebot_firmware/firmware/stm32f103c8t6//rtos/libwwg/libwwg.a(usbcdc.o)
 .rodata.cdcacm_functional_descriptors
                0x000000000800327a       0x13 /home/chace/Github/chacebot_firmware/firmware/stm32f103c8t6//rtos/libwwg/libwwg.a(usbcdc.o)
 .rodata.comm_endp
                0x000000000800328d        0xf /home/chace/Github/chacebot_firmware/firmware/stm32f103c8t6//rtos/libwwg/libwwg.a(usbcdc.o)
 .rodata.comm_iface
                0x000000000800329c       0x15 /home/chace/Github/chacebot_firmware/firmware/stm32f103c8t6//rtos/libwwg/libwwg.a(usbcdc.o)
 .rodata.config
                0x00000000080032b1        0xd /home/chace/Github/chacebot_firmware/firmware/stm32f103c8t6//rtos/libwwg/libwwg.a(usbcdc.o)
 .rodata.cr.5622
                0x00000000080032be        0x1 /home/chace/Github/chacebot_firmware/firmware/stm32f103c8t6//rtos/libwwg/libwwg.a(usbcdc.o)
 .rodata.data_endp
                0x00000000080032bf       0x1e /home/chace/Github/chacebot_firmware/firmware/stm32f103c8t6//rtos/libwwg/libwwg.a(usbcdc.o)
 .rodata.data_iface
                0x00000000080032dd       0x15 /home/chace/Github/chacebot_firmware/firmware/stm32f103c8t6//rtos/libwwg/libwwg.a(usbcdc.o)
 .rodata.dev    0x00000000080032f2       0x12 /home/chace/Github/chacebot_firmware/firmware/stm32f103c8t6//rtos/libwwg/libwwg.a(usbcdc.o)
 .rodata.ifaces
                0x0000000008003304       0x20 /home/chace/Github/chacebot_firmware/firmware/stm32f103c8t6//rtos/libwwg/libwwg.a(usbcdc.o)
 .rodata.internal_vprintf.str1.1
                0x0000000008003324        0x3 /home/chace/Github/chacebot_firmware/firmware/stm32f103c8t6//rtos/libwwg/libwwg.a(miniprintf.o)
 *fill*         0x0000000008003327        0x1 
 .rodata.dev_usb
                0x0000000008003328       0x20 /home/chace/Github/chacebot_firmware/firmware/stm32f103c8t6//rtos/libwwg/libwwg.a(mcuio.o)
 .rodata.uarts  0x0000000008003348       0x3c /home/chace/Github/chacebot_firmware/firmware/stm32f103c8t6//rtos/libwwg/libwwg.a(uartlib.o)
 .rodata.st_usbfs_v1_usb_driver
                0x0000000008003384       0x34 /home/chace/Github/chacebot_firmware/firmware/stm32f103c8t6/libopencm3/lib/libopencm3_stm32f1.a(st_usbfs_v1.o)
                0x0000000008003384                st_usbfs_v1_usb_driver
                0x00000000080033b8                . = ALIGN (0x4)

.glue_7         0x00000000080033b8        0x0
 .glue_7        0x00000000080033b8        0x0 linker stubs

.glue_7t        0x00000000080033b8        0x0
 .glue_7t       0x00000000080033b8        0x0 linker stubs

.vfp11_veneer   0x00000000080033b8        0x0
 .vfp11_veneer  0x00000000080033b8        0x0 linker stubs

.v4_bx          0x00000000080033b8        0x0
 .v4_bx         0x00000000080033b8        0x0 linker stubs

.iplt           0x00000000080033b8        0x0
 .iplt          0x00000000080033b8        0x0 main.o

.rel.dyn        0x00000000080033b8        0x0
 .rel.iplt      0x00000000080033b8        0x0 main.o

.preinit_array  0x00000000080033b8        0x0
                0x00000000080033b8                . = ALIGN (0x4)
                0x00000000080033b8                __preinit_array_start = .
 *(.preinit_array)
                0x00000000080033b8                __preinit_array_end = .

.init_array     0x00000000080033b8        0x0
                0x00000000080033b8                . = ALIGN (0x4)
                0x00000000080033b8                __init_array_start = .
 *(SORT_BY_NAME(.init_array.*))
 *(.init_array)
                0x00000000080033b8                __init_array_end = .

.fini_array     0x00000000080033b8        0x0
                0x00000000080033b8                . = ALIGN (0x4)
                0x00000000080033b8                __fini_array_start = .
 *(.fini_array)
 *(SORT_BY_NAME(.fini_array.*))
                0x00000000080033b8                __fini_array_end = .

.ARM.extab
 *(.ARM.extab*)

.ARM.exidx      0x00000000080033b8        0x0
                0x00000000080033b8                __exidx_start = .
 *(.ARM.exidx*)
                0x00000000080033b8                __exidx_end = .
                0x00000000080033b8                . = ALIGN (0x4)
                0x00000000080033b8                _etext = .

.data           0x0000000020000000       0x24 load address 0x00000000080033b8
                0x0000000020000000                _data = .
 *(.data*)
 .data.uxCriticalNesting
                0x0000000020000000        0x4 rtos/port.o
 .data.usb_strings
                0x0000000020000004        0xc /home/chace/Github/chacebot_firmware/firmware/stm32f103c8t6//rtos/libwwg/libwwg.a(usbcdc.o)
 .data.mcu_stdio
                0x0000000020000010        0x4 /home/chace/Github/chacebot_firmware/firmware/stm32f103c8t6//rtos/libwwg/libwwg.a(mcuio.o)
                0x0000000020000010                mcu_stdio
 .data.mcu_usb  0x0000000020000014        0x4 /home/chace/Github/chacebot_firmware/firmware/stm32f103c8t6//rtos/libwwg/libwwg.a(mcuio.o)
                0x0000000020000014                mcu_usb
 .data.rcc_ahb_frequency
                0x0000000020000018        0x4 /home/chace/Github/chacebot_firmware/firmware/stm32f103c8t6/libopencm3/lib/libopencm3_stm32f1.a(rcc.o)
                0x0000000020000018                rcc_ahb_frequency
 .data.rcc_apb1_frequency
                0x000000002000001c        0x4 /home/chace/Github/chacebot_firmware/firmware/stm32f103c8t6/libopencm3/lib/libopencm3_stm32f1.a(rcc.o)
                0x000000002000001c                rcc_apb1_frequency
 .data.rcc_apb2_frequency
                0x0000000020000020        0x4 /home/chace/Github/chacebot_firmware/firmware/stm32f103c8t6/libopencm3/lib/libopencm3_stm32f1.a(rcc.o)
                0x0000000020000020                rcc_apb2_frequency
                0x0000000020000024                . = ALIGN (0x4)
                0x0000000020000024                _edata = .
                0x00000000080033b8                _data_loadaddr = LOADADDR (.data)

.igot.plt       0x0000000020000024        0x0 load address 0x00000000080033dc
 .igot.plt      0x0000000020000024        0x0 main.o

.bss            0x0000000020000024     0x46c4 load address 0x00000000080033dc
 *(.bss*)
 .bss.DRIVE     0x0000000020000024        0x4 main.o
 .bss.ENABLE    0x0000000020000028        0x4 main.o
 .bss.STEERING  0x000000002000002c        0x4 main.o
 .bss.pxEnd     0x0000000020000030        0x4 rtos/heap_4.o
 .bss.ucHeap    0x0000000020000034     0x4400 rtos/heap_4.o
 .bss.xBlockAllocatedBit
                0x0000000020004434        0x4 rtos/heap_4.o
 .bss.xFreeBytesRemaining
                0x0000000020004438        0x4 rtos/heap_4.o
 .bss.xMinimumEverFreeBytesRemaining
                0x000000002000443c        0x4 rtos/heap_4.o
 .bss.xStart    0x0000000020004440        0x8 rtos/heap_4.o
 .bss.pxCurrentTCB
                0x0000000020004448        0x4 rtos/tasks.o
                0x0000000020004448                pxCurrentTCB
 .bss.pxDelayedTaskList
                0x000000002000444c        0x4 rtos/tasks.o
 .bss.pxOverflowDelayedTaskList
                0x0000000020004450        0x4 rtos/tasks.o
 .bss.pxReadyTasksLists
                0x0000000020004454       0x64 rtos/tasks.o
 .bss.uxCurrentNumberOfTasks
                0x00000000200044b8        0x4 rtos/tasks.o
 .bss.uxDeletedTasksWaitingCleanUp
                0x00000000200044bc        0x4 rtos/tasks.o
 .bss.uxPendedTicks
                0x00000000200044c0        0x4 rtos/tasks.o
 .bss.uxSchedulerSuspended
                0x00000000200044c4        0x4 rtos/tasks.o
 .bss.uxTaskNumber
                0x00000000200044c8        0x4 rtos/tasks.o
 .bss.uxTopReadyPriority
                0x00000000200044cc        0x4 rtos/tasks.o
 .bss.xDelayedTaskList1
                0x00000000200044d0       0x14 rtos/tasks.o
 .bss.xDelayedTaskList2
                0x00000000200044e4       0x14 rtos/tasks.o
 .bss.xIdleTaskHandle
                0x00000000200044f8        0x4 rtos/tasks.o
 .bss.xNextTaskUnblockTime
                0x00000000200044fc        0x4 rtos/tasks.o
 .bss.xNumOfOverflows
                0x0000000020004500        0x4 rtos/tasks.o
 .bss.xPendingReadyList
                0x0000000020004504       0x14 rtos/tasks.o
 .bss.xSchedulerRunning
                0x0000000020004518        0x4 rtos/tasks.o
 .bss.xSuspendedTaskList
                0x000000002000451c       0x14 rtos/tasks.o
 .bss.xTasksWaitingTermination
                0x0000000020004530       0x14 rtos/tasks.o
 .bss.xTickCount
                0x0000000020004544        0x4 rtos/tasks.o
 .bss.xYieldPending
                0x0000000020004548        0x4 rtos/tasks.o
 .bss.initialized
                0x000000002000454c        0x1 /home/chace/Github/chacebot_firmware/firmware/stm32f103c8t6//rtos/libwwg/libwwg.a(usbcdc.o)
 *fill*         0x000000002000454d        0x3 
 .bss.usb_rxq   0x0000000020004550        0x4 /home/chace/Github/chacebot_firmware/firmware/stm32f103c8t6//rtos/libwwg/libwwg.a(usbcdc.o)
 .bss.usb_txq   0x0000000020004554        0x4 /home/chace/Github/chacebot_firmware/firmware/stm32f103c8t6//rtos/libwwg/libwwg.a(usbcdc.o)
 .bss.usbd_control_buffer
                0x0000000020004558       0x80 /home/chace/Github/chacebot_firmware/firmware/stm32f103c8t6//rtos/libwwg/libwwg.a(usbcdc.o)
                0x0000000020004558                usbd_control_buffer
 .bss.uart_data
                0x00000000200045d8        0xc /home/chace/Github/chacebot_firmware/firmware/stm32f103c8t6//rtos/libwwg/libwwg.a(uartlib.o)
 .bss.st_usbfs_dev
                0x00000000200045e4       0xfc /home/chace/Github/chacebot_firmware/firmware/stm32f103c8t6/libopencm3/lib/libopencm3_stm32f1.a(st_usbfs_core.o)
                0x00000000200045e4                st_usbfs_dev
 .bss.st_usbfs_force_nak
                0x00000000200046e0        0x8 /home/chace/Github/chacebot_firmware/firmware/stm32f103c8t6/libopencm3/lib/libopencm3_stm32f1.a(st_usbfs_core.o)
                0x00000000200046e0                st_usbfs_force_nak
 *(COMMON)
                0x00000000200046e8                . = ALIGN (0x4)
                0x00000000200046e8                _ebss = .

/DISCARD/
 *(.eh_frame)
                0x00000000200046e8                . = ALIGN (0x4)
                0x00000000200046e8                end = .
                0x0000000020005000                PROVIDE (_stack = (ORIGIN (ram) + LENGTH (ram)))
OUTPUT(main.elf elf32-littlearm)

.debug_info     0x0000000000000000    0x188fd
 .debug_info    0x0000000000000000     0x1931 main.o
 .debug_info    0x0000000000001931      0xca4 rtos/heap_4.o
 .debug_info    0x00000000000025d5      0xb67 rtos/list.o
 .debug_info    0x000000000000313c      0x328 rtos/port.o
 .debug_info    0x0000000000003464     0x1d52 rtos/queue.o
 .debug_info    0x00000000000051b6     0x2ab3 rtos/tasks.o
 .debug_info    0x0000000000007c69      0x136 rtos/opencm3.o
 .debug_info    0x0000000000007d9f     0x1b96 /home/chace/Github/chacebot_firmware/firmware/stm32f103c8t6//rtos/libwwg/libwwg.a(usbcdc.o)
 .debug_info    0x0000000000009935     0x11b6 /home/chace/Github/chacebot_firmware/firmware/stm32f103c8t6//rtos/libwwg/libwwg.a(miniprintf.o)
 .debug_info    0x000000000000aaeb      0xc1c /home/chace/Github/chacebot_firmware/firmware/stm32f103c8t6//rtos/libwwg/libwwg.a(mcuio.o)
 .debug_info    0x000000000000b707      0xb5a /home/chace/Github/chacebot_firmware/firmware/stm32f103c8t6//rtos/libwwg/libwwg.a(getline.o)
 .debug_info    0x000000000000c261     0x1c52 /home/chace/Github/chacebot_firmware/firmware/stm32f103c8t6//rtos/libwwg/libwwg.a(uartlib.o)
 .debug_info    0x000000000000deb3      0x20a /home/chace/Github/chacebot_firmware/firmware/stm32f103c8t6/libopencm3/lib/libopencm3_stm32f1.a(gpio.o)
 .debug_info    0x000000000000e0bd      0x266 /home/chace/Github/chacebot_firmware/firmware/stm32f103c8t6/libopencm3/lib/libopencm3_stm32f1.a(gpio_common_all.o)
 .debug_info    0x000000000000e323     0x128f /home/chace/Github/chacebot_firmware/firmware/stm32f103c8t6/libopencm3/lib/libopencm3_stm32f1.a(rcc.o)
 .debug_info    0x000000000000f5b2      0x603 /home/chace/Github/chacebot_firmware/firmware/stm32f103c8t6/libopencm3/lib/libopencm3_stm32f1.a(rcc_common_all.o)
 .debug_info    0x000000000000fbb5     0x1114 /home/chace/Github/chacebot_firmware/firmware/stm32f103c8t6/libopencm3/lib/libopencm3_stm32f1.a(timer_common_all.o)
 .debug_info    0x0000000000010cc9      0x51b /home/chace/Github/chacebot_firmware/firmware/stm32f103c8t6/libopencm3/lib/libopencm3_stm32f1.a(usart_common_all.o)
 .debug_info    0x00000000000111e4      0x1c5 /home/chace/Github/chacebot_firmware/firmware/stm32f103c8t6/libopencm3/lib/libopencm3_stm32f1.a(usart_common_f124.o)
 .debug_info    0x00000000000113a9     0x17fc /home/chace/Github/chacebot_firmware/firmware/stm32f103c8t6/libopencm3/lib/libopencm3_stm32f1.a(usb.o)
 .debug_info    0x0000000000012ba5     0x1931 /home/chace/Github/chacebot_firmware/firmware/stm32f103c8t6/libopencm3/lib/libopencm3_stm32f1.a(usb_control.o)
 .debug_info    0x00000000000144d6     0x1fc5 /home/chace/Github/chacebot_firmware/firmware/stm32f103c8t6/libopencm3/lib/libopencm3_stm32f1.a(usb_standard.o)
 .debug_info    0x000000000001649b      0xda7 /home/chace/Github/chacebot_firmware/firmware/stm32f103c8t6/libopencm3/lib/libopencm3_stm32f1.a(st_usbfs_v1.o)
 .debug_info    0x0000000000017242      0x2dd /home/chace/Github/chacebot_firmware/firmware/stm32f103c8t6/libopencm3/lib/libopencm3_stm32f1.a(vector.o)
 .debug_info    0x000000000001751f      0x251 /home/chace/Github/chacebot_firmware/firmware/stm32f103c8t6/libopencm3/lib/libopencm3_stm32f1.a(nvic.o)
 .debug_info    0x0000000000017770       0xf6 /home/chace/Github/chacebot_firmware/firmware/stm32f103c8t6/libopencm3/lib/libopencm3_stm32f1.a(flash_common_all.o)
 .debug_info    0x0000000000017866     0x1097 /home/chace/Github/chacebot_firmware/firmware/stm32f103c8t6/libopencm3/lib/libopencm3_stm32f1.a(st_usbfs_core.o)

.debug_abbrev   0x0000000000000000     0x4556
 .debug_abbrev  0x0000000000000000      0x33c main.o
 .debug_abbrev  0x000000000000033c      0x361 rtos/heap_4.o
 .debug_abbrev  0x000000000000069d      0x22f rtos/list.o
 .debug_abbrev  0x00000000000008cc      0x223 rtos/port.o
 .debug_abbrev  0x0000000000000aef      0x3c7 rtos/queue.o
 .debug_abbrev  0x0000000000000eb6      0x4fe rtos/tasks.o
 .debug_abbrev  0x00000000000013b4       0x89 rtos/opencm3.o
 .debug_abbrev  0x000000000000143d      0x46e /home/chace/Github/chacebot_firmware/firmware/stm32f103c8t6//rtos/libwwg/libwwg.a(usbcdc.o)
 .debug_abbrev  0x00000000000018ab      0x47c /home/chace/Github/chacebot_firmware/firmware/stm32f103c8t6//rtos/libwwg/libwwg.a(miniprintf.o)
 .debug_abbrev  0x0000000000001d27      0x296 /home/chace/Github/chacebot_firmware/firmware/stm32f103c8t6//rtos/libwwg/libwwg.a(mcuio.o)
 .debug_abbrev  0x0000000000001fbd      0x279 /home/chace/Github/chacebot_firmware/firmware/stm32f103c8t6//rtos/libwwg/libwwg.a(getline.o)
 .debug_abbrev  0x0000000000002236      0x450 /home/chace/Github/chacebot_firmware/firmware/stm32f103c8t6//rtos/libwwg/libwwg.a(uartlib.o)
 .debug_abbrev  0x0000000000002686       0xd0 /home/chace/Github/chacebot_firmware/firmware/stm32f103c8t6/libopencm3/lib/libopencm3_stm32f1.a(gpio.o)
 .debug_abbrev  0x0000000000002756      0x116 /home/chace/Github/chacebot_firmware/firmware/stm32f103c8t6/libopencm3/lib/libopencm3_stm32f1.a(gpio_common_all.o)
 .debug_abbrev  0x000000000000286c      0x2e1 /home/chace/Github/chacebot_firmware/firmware/stm32f103c8t6/libopencm3/lib/libopencm3_stm32f1.a(rcc.o)
 .debug_abbrev  0x0000000000002b4d      0x15d /home/chace/Github/chacebot_firmware/firmware/stm32f103c8t6/libopencm3/lib/libopencm3_stm32f1.a(rcc_common_all.o)
 .debug_abbrev  0x0000000000002caa      0x1b1 /home/chace/Github/chacebot_firmware/firmware/stm32f103c8t6/libopencm3/lib/libopencm3_stm32f1.a(timer_common_all.o)
 .debug_abbrev  0x0000000000002e5b      0x129 /home/chace/Github/chacebot_firmware/firmware/stm32f103c8t6/libopencm3/lib/libopencm3_stm32f1.a(usart_common_all.o)
 .debug_abbrev  0x0000000000002f84       0xc8 /home/chace/Github/chacebot_firmware/firmware/stm32f103c8t6/libopencm3/lib/libopencm3_stm32f1.a(usart_common_f124.o)
 .debug_abbrev  0x000000000000304c      0x333 /home/chace/Github/chacebot_firmware/firmware/stm32f103c8t6/libopencm3/lib/libopencm3_stm32f1.a(usb.o)
 .debug_abbrev  0x000000000000337f      0x477 /home/chace/Github/chacebot_firmware/firmware/stm32f103c8t6/libopencm3/lib/libopencm3_stm32f1.a(usb_control.o)
 .debug_abbrev  0x00000000000037f6      0x5a4 /home/chace/Github/chacebot_firmware/firmware/stm32f103c8t6/libopencm3/lib/libopencm3_stm32f1.a(usb_standard.o)
 .debug_abbrev  0x0000000000003d9a      0x265 /home/chace/Github/chacebot_firmware/firmware/stm32f103c8t6/libopencm3/lib/libopencm3_stm32f1.a(st_usbfs_v1.o)
 .debug_abbrev  0x0000000000003fff      0x145 /home/chace/Github/chacebot_firmware/firmware/stm32f103c8t6/libopencm3/lib/libopencm3_stm32f1.a(vector.o)
 .debug_abbrev  0x0000000000004144       0xb5 /home/chace/Github/chacebot_firmware/firmware/stm32f103c8t6/libopencm3/lib/libopencm3_stm32f1.a(nvic.o)
 .debug_abbrev  0x00000000000041f9       0x97 /home/chace/Github/chacebot_firmware/firmware/stm32f103c8t6/libopencm3/lib/libopencm3_stm32f1.a(flash_common_all.o)
 .debug_abbrev  0x0000000000004290      0x2c6 /home/chace/Github/chacebot_firmware/firmware/stm32f103c8t6/libopencm3/lib/libopencm3_stm32f1.a(st_usbfs_core.o)

.debug_loc      0x0000000000000000     0x8757
 .debug_loc     0x0000000000000000       0xf6 main.o
 .debug_loc     0x00000000000000f6      0x361 rtos/heap_4.o
 .debug_loc     0x0000000000000457       0xaf rtos/list.o
 .debug_loc     0x0000000000000506       0xbe rtos/port.o
 .debug_loc     0x00000000000005c4     0x106a rtos/queue.o
 .debug_loc     0x000000000000162e     0x17e4 rtos/tasks.o
 .debug_loc     0x0000000000002e12      0x4ea /home/chace/Github/chacebot_firmware/firmware/stm32f103c8t6//rtos/libwwg/libwwg.a(usbcdc.o)
 .debug_loc     0x00000000000032fc      0xa2b /home/chace/Github/chacebot_firmware/firmware/stm32f103c8t6//rtos/libwwg/libwwg.a(miniprintf.o)
 .debug_loc     0x0000000000003d27       0x4f /home/chace/Github/chacebot_firmware/firmware/stm32f103c8t6//rtos/libwwg/libwwg.a(mcuio.o)
 .debug_loc     0x0000000000003d76      0x2d3 /home/chace/Github/chacebot_firmware/firmware/stm32f103c8t6//rtos/libwwg/libwwg.a(getline.o)
 .debug_loc     0x0000000000004049      0xda9 /home/chace/Github/chacebot_firmware/firmware/stm32f103c8t6//rtos/libwwg/libwwg.a(uartlib.o)
 .debug_loc     0x0000000000004df2      0x134 /home/chace/Github/chacebot_firmware/firmware/stm32f103c8t6/libopencm3/lib/libopencm3_stm32f1.a(gpio.o)
 .debug_loc     0x0000000000004f26       0xbe /home/chace/Github/chacebot_firmware/firmware/stm32f103c8t6/libopencm3/lib/libopencm3_stm32f1.a(gpio_common_all.o)
 .debug_loc     0x0000000000004fe4      0x39c /home/chace/Github/chacebot_firmware/firmware/stm32f103c8t6/libopencm3/lib/libopencm3_stm32f1.a(rcc.o)
 .debug_loc     0x0000000000005380       0x6f /home/chace/Github/chacebot_firmware/firmware/stm32f103c8t6/libopencm3/lib/libopencm3_stm32f1.a(rcc_common_all.o)
 .debug_loc     0x00000000000053ef      0x38a /home/chace/Github/chacebot_firmware/firmware/stm32f103c8t6/libopencm3/lib/libopencm3_stm32f1.a(timer_common_all.o)
 .debug_loc     0x0000000000005779      0x172 /home/chace/Github/chacebot_firmware/firmware/stm32f103c8t6/libopencm3/lib/libopencm3_stm32f1.a(usart_common_all.o)
 .debug_loc     0x00000000000058eb       0x99 /home/chace/Github/chacebot_firmware/firmware/stm32f103c8t6/libopencm3/lib/libopencm3_stm32f1.a(usart_common_f124.o)
 .debug_loc     0x0000000000005984      0x544 /home/chace/Github/chacebot_firmware/firmware/stm32f103c8t6/libopencm3/lib/libopencm3_stm32f1.a(usb.o)
 .debug_loc     0x0000000000005ec8      0x81a /home/chace/Github/chacebot_firmware/firmware/stm32f103c8t6/libopencm3/lib/libopencm3_stm32f1.a(usb_control.o)
 .debug_loc     0x00000000000066e2     0x13a2 /home/chace/Github/chacebot_firmware/firmware/stm32f103c8t6/libopencm3/lib/libopencm3_stm32f1.a(usb_standard.o)
 .debug_loc     0x0000000000007a84      0x1de /home/chace/Github/chacebot_firmware/firmware/stm32f103c8t6/libopencm3/lib/libopencm3_stm32f1.a(st_usbfs_v1.o)
 .debug_loc     0x0000000000007c62      0x128 /home/chace/Github/chacebot_firmware/firmware/stm32f103c8t6/libopencm3/lib/libopencm3_stm32f1.a(vector.o)
 .debug_loc     0x0000000000007d8a      0x14d /home/chace/Github/chacebot_firmware/firmware/stm32f103c8t6/libopencm3/lib/libopencm3_stm32f1.a(nvic.o)
 .debug_loc     0x0000000000007ed7       0x15 /home/chace/Github/chacebot_firmware/firmware/stm32f103c8t6/libopencm3/lib/libopencm3_stm32f1.a(flash_common_all.o)
 .debug_loc     0x0000000000007eec      0x86b /home/chace/Github/chacebot_firmware/firmware/stm32f103c8t6/libopencm3/lib/libopencm3_stm32f1.a(st_usbfs_core.o)

.debug_aranges  0x0000000000000000      0xe70
 .debug_aranges
                0x0000000000000000       0x58 main.o
 .debug_aranges
                0x0000000000000058       0x48 rtos/heap_4.o
 .debug_aranges
                0x00000000000000a0       0x40 rtos/list.o
 .debug_aranges
                0x00000000000000e0       0x70 rtos/port.o
 .debug_aranges
                0x0000000000000150       0xa8 rtos/queue.o
 .debug_aranges
                0x00000000000001f8      0x158 rtos/tasks.o
 .debug_aranges
                0x0000000000000350       0x30 rtos/opencm3.o
 .debug_aranges
                0x0000000000000380       0x98 /home/chace/Github/chacebot_firmware/firmware/stm32f103c8t6//rtos/libwwg/libwwg.a(usbcdc.o)
 .debug_aranges
                0x0000000000000418       0x58 /home/chace/Github/chacebot_firmware/firmware/stm32f103c8t6//rtos/libwwg/libwwg.a(miniprintf.o)
 .debug_aranges
                0x0000000000000470       0x28 /home/chace/Github/chacebot_firmware/firmware/stm32f103c8t6//rtos/libwwg/libwwg.a(mcuio.o)
 .debug_aranges
                0x0000000000000498       0x20 /home/chace/Github/chacebot_firmware/firmware/stm32f103c8t6//rtos/libwwg/libwwg.a(getline.o)
 .debug_aranges
                0x00000000000004b8      0x140 /home/chace/Github/chacebot_firmware/firmware/stm32f103c8t6//rtos/libwwg/libwwg.a(uartlib.o)
 .debug_aranges
                0x00000000000005f8       0x38 /home/chace/Github/chacebot_firmware/firmware/stm32f103c8t6/libopencm3/lib/libopencm3_stm32f1.a(gpio.o)
 .debug_aranges
                0x0000000000000630       0x50 /home/chace/Github/chacebot_firmware/firmware/stm32f103c8t6/libopencm3/lib/libopencm3_stm32f1.a(gpio_common_all.o)
 .debug_aranges
                0x0000000000000680      0x158 /home/chace/Github/chacebot_firmware/firmware/stm32f103c8t6/libopencm3/lib/libopencm3_stm32f1.a(rcc.o)
 .debug_aranges
                0x00000000000007d8       0x58 /home/chace/Github/chacebot_firmware/firmware/stm32f103c8t6/libopencm3/lib/libopencm3_stm32f1.a(rcc_common_all.o)
 .debug_aranges
                0x0000000000000830      0x268 /home/chace/Github/chacebot_firmware/firmware/stm32f103c8t6/libopencm3/lib/libopencm3_stm32f1.a(timer_common_all.o)
 .debug_aranges
                0x0000000000000a98       0xb8 /home/chace/Github/chacebot_firmware/firmware/stm32f103c8t6/libopencm3/lib/libopencm3_stm32f1.a(usart_common_all.o)
 .debug_aranges
                0x0000000000000b50       0x40 /home/chace/Github/chacebot_firmware/firmware/stm32f103c8t6/libopencm3/lib/libopencm3_stm32f1.a(usart_common_f124.o)
 .debug_aranges
                0x0000000000000b90       0x88 /home/chace/Github/chacebot_firmware/firmware/stm32f103c8t6/libopencm3/lib/libopencm3_stm32f1.a(usb.o)
 .debug_aranges
                0x0000000000000c18       0x60 /home/chace/Github/chacebot_firmware/firmware/stm32f103c8t6/libopencm3/lib/libopencm3_stm32f1.a(usb_control.o)
 .debug_aranges
                0x0000000000000c78       0x98 /home/chace/Github/chacebot_firmware/firmware/stm32f103c8t6/libopencm3/lib/libopencm3_stm32f1.a(usb_standard.o)
 .debug_aranges
                0x0000000000000d10       0x30 /home/chace/Github/chacebot_firmware/firmware/stm32f103c8t6/libopencm3/lib/libopencm3_stm32f1.a(st_usbfs_v1.o)
 .debug_aranges
                0x0000000000000d40       0x30 /home/chace/Github/chacebot_firmware/firmware/stm32f103c8t6/libopencm3/lib/libopencm3_stm32f1.a(vector.o)
 .debug_aranges
                0x0000000000000d70       0x60 /home/chace/Github/chacebot_firmware/firmware/stm32f103c8t6/libopencm3/lib/libopencm3_stm32f1.a(nvic.o)
 .debug_aranges
                0x0000000000000dd0       0x38 /home/chace/Github/chacebot_firmware/firmware/stm32f103c8t6/libopencm3/lib/libopencm3_stm32f1.a(flash_common_all.o)
 .debug_aranges
                0x0000000000000e08       0x68 /home/chace/Github/chacebot_firmware/firmware/stm32f103c8t6/libopencm3/lib/libopencm3_stm32f1.a(st_usbfs_core.o)

.debug_ranges   0x0000000000000000     0x1298
 .debug_ranges  0x0000000000000000       0x68 main.o
 .debug_ranges  0x0000000000000068       0x38 rtos/heap_4.o
 .debug_ranges  0x00000000000000a0       0x30 rtos/list.o
 .debug_ranges  0x00000000000000d0       0x78 rtos/port.o
 .debug_ranges  0x0000000000000148      0x208 rtos/queue.o
 .debug_ranges  0x0000000000000350      0x2d8 rtos/tasks.o
 .debug_ranges  0x0000000000000628       0x20 rtos/opencm3.o
 .debug_ranges  0x0000000000000648       0xa0 /home/chace/Github/chacebot_firmware/firmware/stm32f103c8t6//rtos/libwwg/libwwg.a(usbcdc.o)
 .debug_ranges  0x00000000000006e8       0x90 /home/chace/Github/chacebot_firmware/firmware/stm32f103c8t6//rtos/libwwg/libwwg.a(miniprintf.o)
 .debug_ranges  0x0000000000000778       0x18 /home/chace/Github/chacebot_firmware/firmware/stm32f103c8t6//rtos/libwwg/libwwg.a(mcuio.o)
 .debug_ranges  0x0000000000000790       0x58 /home/chace/Github/chacebot_firmware/firmware/stm32f103c8t6//rtos/libwwg/libwwg.a(getline.o)
 .debug_ranges  0x00000000000007e8      0x148 /home/chace/Github/chacebot_firmware/firmware/stm32f103c8t6//rtos/libwwg/libwwg.a(uartlib.o)
 .debug_ranges  0x0000000000000930       0x28 /home/chace/Github/chacebot_firmware/firmware/stm32f103c8t6/libopencm3/lib/libopencm3_stm32f1.a(gpio.o)
 .debug_ranges  0x0000000000000958       0x40 /home/chace/Github/chacebot_firmware/firmware/stm32f103c8t6/libopencm3/lib/libopencm3_stm32f1.a(gpio_common_all.o)
 .debug_ranges  0x0000000000000998      0x1b8 /home/chace/Github/chacebot_firmware/firmware/stm32f103c8t6/libopencm3/lib/libopencm3_stm32f1.a(rcc.o)
 .debug_ranges  0x0000000000000b50       0x48 /home/chace/Github/chacebot_firmware/firmware/stm32f103c8t6/libopencm3/lib/libopencm3_stm32f1.a(rcc_common_all.o)
 .debug_ranges  0x0000000000000b98      0x258 /home/chace/Github/chacebot_firmware/firmware/stm32f103c8t6/libopencm3/lib/libopencm3_stm32f1.a(timer_common_all.o)
 .debug_ranges  0x0000000000000df0       0xa8 /home/chace/Github/chacebot_firmware/firmware/stm32f103c8t6/libopencm3/lib/libopencm3_stm32f1.a(usart_common_all.o)
 .debug_ranges  0x0000000000000e98       0x30 /home/chace/Github/chacebot_firmware/firmware/stm32f103c8t6/libopencm3/lib/libopencm3_stm32f1.a(usart_common_f124.o)
 .debug_ranges  0x0000000000000ec8       0x78 /home/chace/Github/chacebot_firmware/firmware/stm32f103c8t6/libopencm3/lib/libopencm3_stm32f1.a(usb.o)
 .debug_ranges  0x0000000000000f40       0x90 /home/chace/Github/chacebot_firmware/firmware/stm32f103c8t6/libopencm3/lib/libopencm3_stm32f1.a(usb_control.o)
 .debug_ranges  0x0000000000000fd0      0x108 /home/chace/Github/chacebot_firmware/firmware/stm32f103c8t6/libopencm3/lib/libopencm3_stm32f1.a(usb_standard.o)
 .debug_ranges  0x00000000000010d8       0x20 /home/chace/Github/chacebot_firmware/firmware/stm32f103c8t6/libopencm3/lib/libopencm3_stm32f1.a(st_usbfs_v1.o)
 .debug_ranges  0x00000000000010f8       0x20 /home/chace/Github/chacebot_firmware/firmware/stm32f103c8t6/libopencm3/lib/libopencm3_stm32f1.a(vector.o)
 .debug_ranges  0x0000000000001118       0x50 /home/chace/Github/chacebot_firmware/firmware/stm32f103c8t6/libopencm3/lib/libopencm3_stm32f1.a(nvic.o)
 .debug_ranges  0x0000000000001168       0x28 /home/chace/Github/chacebot_firmware/firmware/stm32f103c8t6/libopencm3/lib/libopencm3_stm32f1.a(flash_common_all.o)
 .debug_ranges  0x0000000000001190      0x108 /home/chace/Github/chacebot_firmware/firmware/stm32f103c8t6/libopencm3/lib/libopencm3_stm32f1.a(st_usbfs_core.o)

.debug_line     0x0000000000000000     0xad1b
 .debug_line    0x0000000000000000      0x5a6 main.o
 .debug_line    0x00000000000005a6      0x446 rtos/heap_4.o
 .debug_line    0x00000000000009ec      0x2b3 rtos/list.o
 .debug_line    0x0000000000000c9f      0x2ec rtos/port.o
 .debug_line    0x0000000000000f8b      0xbf4 rtos/queue.o
 .debug_line    0x0000000000001b7f     0x1836 rtos/tasks.o
 .debug_line    0x00000000000033b5      0x14a rtos/opencm3.o
 .debug_line    0x00000000000034ff      0x6ab /home/chace/Github/chacebot_firmware/firmware/stm32f103c8t6//rtos/libwwg/libwwg.a(usbcdc.o)
 .debug_line    0x0000000000003baa      0x599 /home/chace/Github/chacebot_firmware/firmware/stm32f103c8t6//rtos/libwwg/libwwg.a(miniprintf.o)
 .debug_line    0x0000000000004143      0x173 /home/chace/Github/chacebot_firmware/firmware/stm32f103c8t6//rtos/libwwg/libwwg.a(mcuio.o)
 .debug_line    0x00000000000042b6      0x372 /home/chace/Github/chacebot_firmware/firmware/stm32f103c8t6//rtos/libwwg/libwwg.a(getline.o)
 .debug_line    0x0000000000004628      0xa5a /home/chace/Github/chacebot_firmware/firmware/stm32f103c8t6//rtos/libwwg/libwwg.a(uartlib.o)
 .debug_line    0x0000000000005082      0x33e /home/chace/Github/chacebot_firmware/firmware/stm32f103c8t6/libopencm3/lib/libopencm3_stm32f1.a(gpio.o)
 .debug_line    0x00000000000053c0      0x354 /home/chace/Github/chacebot_firmware/firmware/stm32f103c8t6/libopencm3/lib/libopencm3_stm32f1.a(gpio_common_all.o)
 .debug_line    0x0000000000005714      0xc89 /home/chace/Github/chacebot_firmware/firmware/stm32f103c8t6/libopencm3/lib/libopencm3_stm32f1.a(rcc.o)
 .debug_line    0x000000000000639d      0x37e /home/chace/Github/chacebot_firmware/firmware/stm32f103c8t6/libopencm3/lib/libopencm3_stm32f1.a(rcc_common_all.o)
 .debug_line    0x000000000000671b     0x1012 /home/chace/Github/chacebot_firmware/firmware/stm32f103c8t6/libopencm3/lib/libopencm3_stm32f1.a(timer_common_all.o)
 .debug_line    0x000000000000772d      0x557 /home/chace/Github/chacebot_firmware/firmware/stm32f103c8t6/libopencm3/lib/libopencm3_stm32f1.a(usart_common_all.o)
 .debug_line    0x0000000000007c84      0x349 /home/chace/Github/chacebot_firmware/firmware/stm32f103c8t6/libopencm3/lib/libopencm3_stm32f1.a(usart_common_f124.o)
 .debug_line    0x0000000000007fcd      0x492 /home/chace/Github/chacebot_firmware/firmware/stm32f103c8t6/libopencm3/lib/libopencm3_stm32f1.a(usb.o)
 .debug_line    0x000000000000845f      0x6ae /home/chace/Github/chacebot_firmware/firmware/stm32f103c8t6/libopencm3/lib/libopencm3_stm32f1.a(usb_control.o)
 .debug_line    0x0000000000008b0d      0xbef /home/chace/Github/chacebot_firmware/firmware/stm32f103c8t6/libopencm3/lib/libopencm3_stm32f1.a(usb_standard.o)
 .debug_line    0x00000000000096fc      0x3ea /home/chace/Github/chacebot_firmware/firmware/stm32f103c8t6/libopencm3/lib/libopencm3_stm32f1.a(st_usbfs_v1.o)
 .debug_line    0x0000000000009ae6      0x3df /home/chace/Github/chacebot_firmware/firmware/stm32f103c8t6/libopencm3/lib/libopencm3_stm32f1.a(vector.o)
 .debug_line    0x0000000000009ec5      0x376 /home/chace/Github/chacebot_firmware/firmware/stm32f103c8t6/libopencm3/lib/libopencm3_stm32f1.a(nvic.o)
 .debug_line    0x000000000000a23b      0x305 /home/chace/Github/chacebot_firmware/firmware/stm32f103c8t6/libopencm3/lib/libopencm3_stm32f1.a(flash_common_all.o)
 .debug_line    0x000000000000a540      0x7db /home/chace/Github/chacebot_firmware/firmware/stm32f103c8t6/libopencm3/lib/libopencm3_stm32f1.a(st_usbfs_core.o)

.debug_str      0x0000000000000000    0x1b20b
 .debug_str     0x0000000000000000      0xd70 main.o
                                        0xea4 (size before relaxing)
 .debug_str     0x0000000000000d70      0x1f5 rtos/heap_4.o
                                        0x790 (size before relaxing)
 .debug_str     0x0000000000000f65      0x135 rtos/list.o
                                        0x6eb (size before relaxing)
 .debug_str     0x000000000000109a      0x183 rtos/port.o
                                        0x369 (size before relaxing)
 .debug_str     0x000000000000121d      0x4ca rtos/queue.o
                                        0xc0d (size before relaxing)
 .debug_str     0x00000000000016e7      0x85e rtos/tasks.o
                                       0x11ef (size before relaxing)
 .debug_str     0x0000000000001f45       0x40 rtos/opencm3.o
                                        0x273 (size before relaxing)
 .debug_str     0x0000000000001f85      0x716 /home/chace/Github/chacebot_firmware/firmware/stm32f103c8t6//rtos/libwwg/libwwg.a(usbcdc.o)
                                       0x1051 (size before relaxing)
 .debug_str     0x000000000000269b      0x100 /home/chace/Github/chacebot_firmware/firmware/stm32f103c8t6//rtos/libwwg/libwwg.a(miniprintf.o)
                                        0x6d1 (size before relaxing)
 .debug_str     0x000000000000279b       0x39 /home/chace/Github/chacebot_firmware/firmware/stm32f103c8t6//rtos/libwwg/libwwg.a(mcuio.o)
                                        0x676 (size before relaxing)
 .debug_str     0x00000000000027d4       0x25 /home/chace/Github/chacebot_firmware/firmware/stm32f103c8t6//rtos/libwwg/libwwg.a(getline.o)
                                        0x594 (size before relaxing)
 .debug_str     0x00000000000027f9      0x316 /home/chace/Github/chacebot_firmware/firmware/stm32f103c8t6//rtos/libwwg/libwwg.a(uartlib.o)
                                        0xbe1 (size before relaxing)
 .debug_str     0x0000000000002b0f     0x83eb /home/chace/Github/chacebot_firmware/firmware/stm32f103c8t6/libopencm3/lib/libopencm3_stm32f1.a(gpio.o)
                                       0x85b7 (size before relaxing)
 .debug_str     0x000000000000aefa       0x6c /home/chace/Github/chacebot_firmware/firmware/stm32f103c8t6/libopencm3/lib/libopencm3_stm32f1.a(gpio_common_all.o)
                                       0x85ab (size before relaxing)
 .debug_str     0x000000000000af66     0x30b6 /home/chace/Github/chacebot_firmware/firmware/stm32f103c8t6/libopencm3/lib/libopencm3_stm32f1.a(rcc.o)
                                       0x7eaa (size before relaxing)
 .debug_str     0x000000000000e01c      0x168 /home/chace/Github/chacebot_firmware/firmware/stm32f103c8t6/libopencm3/lib/libopencm3_stm32f1.a(rcc_common_all.o)
                                       0x77c0 (size before relaxing)
 .debug_str     0x000000000000e184     0x48a6 /home/chace/Github/chacebot_firmware/firmware/stm32f103c8t6/libopencm3/lib/libopencm3_stm32f1.a(timer_common_all.o)
                                       0xbd79 (size before relaxing)
 .debug_str     0x0000000000012a2a     0x10b2 /home/chace/Github/chacebot_firmware/firmware/stm32f103c8t6/libopencm3/lib/libopencm3_stm32f1.a(usart_common_all.o)
                                       0x837f (size before relaxing)
 .debug_str     0x0000000000013adc       0x2d /home/chace/Github/chacebot_firmware/firmware/stm32f103c8t6/libopencm3/lib/libopencm3_stm32f1.a(usart_common_f124.o)
                                       0x81b9 (size before relaxing)
 .debug_str     0x0000000000013b09     0x367b /home/chace/Github/chacebot_firmware/firmware/stm32f103c8t6/libopencm3/lib/libopencm3_stm32f1.a(usb.o)
                                       0x802e (size before relaxing)
 .debug_str     0x0000000000017184      0x19b /home/chace/Github/chacebot_firmware/firmware/stm32f103c8t6/libopencm3/lib/libopencm3_stm32f1.a(usb_control.o)
                                       0x807b (size before relaxing)
 .debug_str     0x000000000001731f      0x2a4 /home/chace/Github/chacebot_firmware/firmware/stm32f103c8t6/libopencm3/lib/libopencm3_stm32f1.a(usb_standard.o)
                                       0x81ae (size before relaxing)
 .debug_str     0x00000000000175c3     0x1594 /home/chace/Github/chacebot_firmware/firmware/stm32f103c8t6/libopencm3/lib/libopencm3_stm32f1.a(st_usbfs_v1.o)
                                       0x98df (size before relaxing)
 .debug_str     0x0000000000018b57     0x2485 /home/chace/Github/chacebot_firmware/firmware/stm32f103c8t6/libopencm3/lib/libopencm3_stm32f1.a(vector.o)
                                       0x6680 (size before relaxing)
 .debug_str     0x000000000001afdc       0xb2 /home/chace/Github/chacebot_firmware/firmware/stm32f103c8t6/libopencm3/lib/libopencm3_stm32f1.a(nvic.o)
                                       0x5c62 (size before relaxing)
 .debug_str     0x000000000001b08e       0x64 /home/chace/Github/chacebot_firmware/firmware/stm32f103c8t6/libopencm3/lib/libopencm3_stm32f1.a(flash_common_all.o)
                                       0x5583 (size before relaxing)
 .debug_str     0x000000000001b0f2      0x119 /home/chace/Github/chacebot_firmware/firmware/stm32f103c8t6/libopencm3/lib/libopencm3_stm32f1.a(st_usbfs_core.o)
                                       0x97fb (size before relaxing)

.comment        0x0000000000000000       0x79
 .comment       0x0000000000000000       0x79 main.o
                                         0x7a (size before relaxing)
 .comment       0x0000000000000079       0x7a rtos/heap_4.o
 .comment       0x0000000000000079       0x7a rtos/list.o
 .comment       0x0000000000000079       0x7a rtos/port.o
 .comment       0x0000000000000079       0x7a rtos/queue.o
 .comment       0x0000000000000079       0x7a rtos/tasks.o
 .comment       0x0000000000000079       0x7a rtos/opencm3.o
 .comment       0x0000000000000079       0x7a /home/chace/Github/chacebot_firmware/firmware/stm32f103c8t6//rtos/libwwg/libwwg.a(usbcdc.o)
 .comment       0x0000000000000079       0x7a /home/chace/Github/chacebot_firmware/firmware/stm32f103c8t6//rtos/libwwg/libwwg.a(miniprintf.o)
 .comment       0x0000000000000079       0x7a /home/chace/Github/chacebot_firmware/firmware/stm32f103c8t6//rtos/libwwg/libwwg.a(mcuio.o)
 .comment       0x0000000000000079       0x7a /home/chace/Github/chacebot_firmware/firmware/stm32f103c8t6//rtos/libwwg/libwwg.a(getline.o)
 .comment       0x0000000000000079       0x7a /home/chace/Github/chacebot_firmware/firmware/stm32f103c8t6//rtos/libwwg/libwwg.a(uartlib.o)
 .comment       0x0000000000000079       0x7a /home/chace/Github/chacebot_firmware/firmware/stm32f103c8t6/libopencm3/lib/libopencm3_stm32f1.a(gpio.o)
 .comment       0x0000000000000079       0x7a /home/chace/Github/chacebot_firmware/firmware/stm32f103c8t6/libopencm3/lib/libopencm3_stm32f1.a(gpio_common_all.o)
 .comment       0x0000000000000079       0x7a /home/chace/Github/chacebot_firmware/firmware/stm32f103c8t6/libopencm3/lib/libopencm3_stm32f1.a(rcc.o)
 .comment       0x0000000000000079       0x7a /home/chace/Github/chacebot_firmware/firmware/stm32f103c8t6/libopencm3/lib/libopencm3_stm32f1.a(rcc_common_all.o)
 .comment       0x0000000000000079       0x7a /home/chace/Github/chacebot_firmware/firmware/stm32f103c8t6/libopencm3/lib/libopencm3_stm32f1.a(timer_common_all.o)
 .comment       0x0000000000000079       0x7a /home/chace/Github/chacebot_firmware/firmware/stm32f103c8t6/libopencm3/lib/libopencm3_stm32f1.a(usart_common_all.o)
 .comment       0x0000000000000079       0x7a /home/chace/Github/chacebot_firmware/firmware/stm32f103c8t6/libopencm3/lib/libopencm3_stm32f1.a(usart_common_f124.o)
 .comment       0x0000000000000079       0x7a /home/chace/Github/chacebot_firmware/firmware/stm32f103c8t6/libopencm3/lib/libopencm3_stm32f1.a(usb.o)
 .comment       0x0000000000000079       0x7a /home/chace/Github/chacebot_firmware/firmware/stm32f103c8t6/libopencm3/lib/libopencm3_stm32f1.a(usb_control.o)
 .comment       0x0000000000000079       0x7a /home/chace/Github/chacebot_firmware/firmware/stm32f103c8t6/libopencm3/lib/libopencm3_stm32f1.a(usb_standard.o)
 .comment       0x0000000000000079       0x7a /home/chace/Github/chacebot_firmware/firmware/stm32f103c8t6/libopencm3/lib/libopencm3_stm32f1.a(st_usbfs_v1.o)
 .comment       0x0000000000000079       0x7a /home/chace/Github/chacebot_firmware/firmware/stm32f103c8t6/libopencm3/lib/libopencm3_stm32f1.a(vector.o)
 .comment       0x0000000000000079       0x7a /home/chace/Github/chacebot_firmware/firmware/stm32f103c8t6/libopencm3/lib/libopencm3_stm32f1.a(nvic.o)
 .comment       0x0000000000000079       0x7a /home/chace/Github/chacebot_firmware/firmware/stm32f103c8t6/libopencm3/lib/libopencm3_stm32f1.a(flash_common_all.o)
 .comment       0x0000000000000079       0x7a /home/chace/Github/chacebot_firmware/firmware/stm32f103c8t6/libopencm3/lib/libopencm3_stm32f1.a(st_usbfs_core.o)

.ARM.attributes
                0x0000000000000000       0x2b
 .ARM.attributes
                0x0000000000000000       0x2d main.o
 .ARM.attributes
                0x000000000000002d       0x2d rtos/heap_4.o
 .ARM.attributes
                0x000000000000005a       0x2d rtos/list.o
 .ARM.attributes
                0x0000000000000087       0x2d rtos/port.o
 .ARM.attributes
                0x00000000000000b4       0x2d rtos/queue.o
 .ARM.attributes
                0x00000000000000e1       0x2d rtos/tasks.o
 .ARM.attributes
                0x000000000000010e       0x2d rtos/opencm3.o
 .ARM.attributes
                0x000000000000013b       0x1b /opt/gcc-arm/bin/../lib/gcc/arm-none-eabi/9.2.1/../../../../arm-none-eabi/lib/thumb/v7-m/nofp/libc.a(lib_a-memcpy.o)
 .ARM.attributes
                0x0000000000000156       0x2d /home/chace/Github/chacebot_firmware/firmware/stm32f103c8t6//rtos/libwwg/libwwg.a(usbcdc.o)
 .ARM.attributes
                0x0000000000000183       0x2d /home/chace/Github/chacebot_firmware/firmware/stm32f103c8t6//rtos/libwwg/libwwg.a(miniprintf.o)
 .ARM.attributes
                0x00000000000001b0       0x2d /home/chace/Github/chacebot_firmware/firmware/stm32f103c8t6//rtos/libwwg/libwwg.a(mcuio.o)
 .ARM.attributes
                0x00000000000001dd       0x2d /home/chace/Github/chacebot_firmware/firmware/stm32f103c8t6//rtos/libwwg/libwwg.a(getline.o)
 .ARM.attributes
                0x000000000000020a       0x2d /home/chace/Github/chacebot_firmware/firmware/stm32f103c8t6//rtos/libwwg/libwwg.a(uartlib.o)
 .ARM.attributes
                0x0000000000000237       0x2d /home/chace/Github/chacebot_firmware/firmware/stm32f103c8t6/libopencm3/lib/libopencm3_stm32f1.a(gpio.o)
 .ARM.attributes
                0x0000000000000264       0x2d /home/chace/Github/chacebot_firmware/firmware/stm32f103c8t6/libopencm3/lib/libopencm3_stm32f1.a(gpio_common_all.o)
 .ARM.attributes
                0x0000000000000291       0x2d /home/chace/Github/chacebot_firmware/firmware/stm32f103c8t6/libopencm3/lib/libopencm3_stm32f1.a(rcc.o)
 .ARM.attributes
                0x00000000000002be       0x2d /home/chace/Github/chacebot_firmware/firmware/stm32f103c8t6/libopencm3/lib/libopencm3_stm32f1.a(rcc_common_all.o)
 .ARM.attributes
                0x00000000000002eb       0x2d /home/chace/Github/chacebot_firmware/firmware/stm32f103c8t6/libopencm3/lib/libopencm3_stm32f1.a(timer_common_all.o)
 .ARM.attributes
                0x0000000000000318       0x2d /home/chace/Github/chacebot_firmware/firmware/stm32f103c8t6/libopencm3/lib/libopencm3_stm32f1.a(usart_common_all.o)
 .ARM.attributes
                0x0000000000000345       0x2d /home/chace/Github/chacebot_firmware/firmware/stm32f103c8t6/libopencm3/lib/libopencm3_stm32f1.a(usart_common_f124.o)
 .ARM.attributes
                0x0000000000000372       0x2d /home/chace/Github/chacebot_firmware/firmware/stm32f103c8t6/libopencm3/lib/libopencm3_stm32f1.a(usb.o)
 .ARM.attributes
                0x000000000000039f       0x2d /home/chace/Github/chacebot_firmware/firmware/stm32f103c8t6/libopencm3/lib/libopencm3_stm32f1.a(usb_control.o)
 .ARM.attributes
                0x00000000000003cc       0x2d /home/chace/Github/chacebot_firmware/firmware/stm32f103c8t6/libopencm3/lib/libopencm3_stm32f1.a(usb_standard.o)
 .ARM.attributes
                0x00000000000003f9       0x2d /home/chace/Github/chacebot_firmware/firmware/stm32f103c8t6/libopencm3/lib/libopencm3_stm32f1.a(st_usbfs_v1.o)
 .ARM.attributes
                0x0000000000000426       0x2d /home/chace/Github/chacebot_firmware/firmware/stm32f103c8t6/libopencm3/lib/libopencm3_stm32f1.a(vector.o)
 .ARM.attributes
                0x0000000000000453       0x2d /home/chace/Github/chacebot_firmware/firmware/stm32f103c8t6/libopencm3/lib/libopencm3_stm32f1.a(nvic.o)
 .ARM.attributes
                0x0000000000000480       0x2d /home/chace/Github/chacebot_firmware/firmware/stm32f103c8t6/libopencm3/lib/libopencm3_stm32f1.a(flash_common_all.o)
 .ARM.attributes
                0x00000000000004ad       0x2d /home/chace/Github/chacebot_firmware/firmware/stm32f103c8t6/libopencm3/lib/libopencm3_stm32f1.a(st_usbfs_core.o)
 .ARM.attributes
                0x00000000000004da       0x2d /opt/gcc-arm/bin/../lib/gcc/arm-none-eabi/9.2.1/../../../../arm-none-eabi/lib/thumb/v7-m/nofp/libc.a(lib_a-memmove.o)
 .ARM.attributes
                0x0000000000000507       0x2d /opt/gcc-arm/bin/../lib/gcc/arm-none-eabi/9.2.1/../../../../arm-none-eabi/lib/thumb/v7-m/nofp/libc.a(lib_a-strlen-stub.o)

.debug_frame    0x0000000000000000     0x2310
 .debug_frame   0x0000000000000000       0xb8 main.o
 .debug_frame   0x00000000000000b8       0x98 rtos/heap_4.o
 .debug_frame   0x0000000000000150       0x6c rtos/list.o
 .debug_frame   0x00000000000001bc       0xd0 rtos/port.o
 .debug_frame   0x000000000000028c      0x208 rtos/queue.o
 .debug_frame   0x0000000000000494      0x47c rtos/tasks.o
 .debug_frame   0x0000000000000910       0x40 rtos/opencm3.o
 .debug_frame   0x0000000000000950      0x1b4 /home/chace/Github/chacebot_firmware/firmware/stm32f103c8t6//rtos/libwwg/libwwg.a(usbcdc.o)
 .debug_frame   0x0000000000000b04      0x110 /home/chace/Github/chacebot_firmware/firmware/stm32f103c8t6//rtos/libwwg/libwwg.a(miniprintf.o)
 .debug_frame   0x0000000000000c14       0x6c /home/chace/Github/chacebot_firmware/firmware/stm32f103c8t6//rtos/libwwg/libwwg.a(mcuio.o)
 .debug_frame   0x0000000000000c80       0x3c /home/chace/Github/chacebot_firmware/firmware/stm32f103c8t6//rtos/libwwg/libwwg.a(getline.o)
 .debug_frame   0x0000000000000cbc      0x3a0 /home/chace/Github/chacebot_firmware/firmware/stm32f103c8t6//rtos/libwwg/libwwg.a(uartlib.o)
 .debug_frame   0x000000000000105c       0x60 /home/chace/Github/chacebot_firmware/firmware/stm32f103c8t6/libopencm3/lib/libopencm3_stm32f1.a(gpio.o)
 .debug_frame   0x00000000000010bc       0x80 /home/chace/Github/chacebot_firmware/firmware/stm32f103c8t6/libopencm3/lib/libopencm3_stm32f1.a(gpio_common_all.o)
 .debug_frame   0x000000000000113c      0x2e0 /home/chace/Github/chacebot_firmware/firmware/stm32f103c8t6/libopencm3/lib/libopencm3_stm32f1.a(rcc.o)
 .debug_frame   0x000000000000141c       0xd0 /home/chace/Github/chacebot_firmware/firmware/stm32f103c8t6/libopencm3/lib/libopencm3_stm32f1.a(rcc_common_all.o)
 .debug_frame   0x00000000000014ec      0x4c8 /home/chace/Github/chacebot_firmware/firmware/stm32f103c8t6/libopencm3/lib/libopencm3_stm32f1.a(timer_common_all.o)
 .debug_frame   0x00000000000019b4      0x170 /home/chace/Github/chacebot_firmware/firmware/stm32f103c8t6/libopencm3/lib/libopencm3_stm32f1.a(usart_common_all.o)
 .debug_frame   0x0000000000001b24       0x60 /home/chace/Github/chacebot_firmware/firmware/stm32f103c8t6/libopencm3/lib/libopencm3_stm32f1.a(usart_common_f124.o)
 .debug_frame   0x0000000000001b84      0x13c /home/chace/Github/chacebot_firmware/firmware/stm32f103c8t6/libopencm3/lib/libopencm3_stm32f1.a(usb.o)
 .debug_frame   0x0000000000001cc0      0x164 /home/chace/Github/chacebot_firmware/firmware/stm32f103c8t6/libopencm3/lib/libopencm3_stm32f1.a(usb_control.o)
 .debug_frame   0x0000000000001e24      0x1e4 /home/chace/Github/chacebot_firmware/firmware/stm32f103c8t6/libopencm3/lib/libopencm3_stm32f1.a(usb_standard.o)
 .debug_frame   0x0000000000002008       0x54 /home/chace/Github/chacebot_firmware/firmware/stm32f103c8t6/libopencm3/lib/libopencm3_stm32f1.a(st_usbfs_v1.o)
 .debug_frame   0x000000000000205c       0x4c /home/chace/Github/chacebot_firmware/firmware/stm32f103c8t6/libopencm3/lib/libopencm3_stm32f1.a(vector.o)
 .debug_frame   0x00000000000020a8       0xa0 /home/chace/Github/chacebot_firmware/firmware/stm32f103c8t6/libopencm3/lib/libopencm3_stm32f1.a(nvic.o)
 .debug_frame   0x0000000000002148       0x50 /home/chace/Github/chacebot_firmware/firmware/stm32f103c8t6/libopencm3/lib/libopencm3_stm32f1.a(flash_common_all.o)
 .debug_frame   0x0000000000002198      0x118 /home/chace/Github/chacebot_firmware/firmware/stm32f103c8t6/libopencm3/lib/libopencm3_stm32f1.a(st_usbfs_core.o)
 .debug_frame   0x00000000000022b0       0x40 /opt/gcc-arm/bin/../lib/gcc/arm-none-eabi/9.2.1/../../../../arm-none-eabi/lib/thumb/v7-m/nofp/libc.a(lib_a-memmove.o)
 .debug_frame   0x00000000000022f0       0x20 /opt/gcc-arm/bin/../lib/gcc/arm-none-eabi/9.2.1/../../../../arm-none-eabi/lib/thumb/v7-m/nofp/libc.a(lib_a-strlen-stub.o)

.debug_macro    0x0000000000000000     0x65af
 .debug_macro   0x0000000000000000       0xb8 /home/chace/Github/chacebot_firmware/firmware/stm32f103c8t6/libopencm3/lib/libopencm3_stm32f1.a(gpio.o)
 .debug_macro   0x00000000000000b8      0xa90 /home/chace/Github/chacebot_firmware/firmware/stm32f103c8t6/libopencm3/lib/libopencm3_stm32f1.a(gpio.o)
 .debug_macro   0x0000000000000b48       0x1c /home/chace/Github/chacebot_firmware/firmware/stm32f103c8t6/libopencm3/lib/libopencm3_stm32f1.a(gpio.o)
 .debug_macro   0x0000000000000b64       0x22 /home/chace/Github/chacebot_firmware/firmware/stm32f103c8t6/libopencm3/lib/libopencm3_stm32f1.a(gpio.o)
 .debug_macro   0x0000000000000b86       0x56 /home/chace/Github/chacebot_firmware/firmware/stm32f103c8t6/libopencm3/lib/libopencm3_stm32f1.a(gpio.o)
 .debug_macro   0x0000000000000bdc       0x51 /home/chace/Github/chacebot_firmware/firmware/stm32f103c8t6/libopencm3/lib/libopencm3_stm32f1.a(gpio.o)
 .debug_macro   0x0000000000000c2d       0xef /home/chace/Github/chacebot_firmware/firmware/stm32f103c8t6/libopencm3/lib/libopencm3_stm32f1.a(gpio.o)
 .debug_macro   0x0000000000000d1c       0x6a /home/chace/Github/chacebot_firmware/firmware/stm32f103c8t6/libopencm3/lib/libopencm3_stm32f1.a(gpio.o)
 .debug_macro   0x0000000000000d86      0x1df /home/chace/Github/chacebot_firmware/firmware/stm32f103c8t6/libopencm3/lib/libopencm3_stm32f1.a(gpio.o)
 .debug_macro   0x0000000000000f65       0x22 /home/chace/Github/chacebot_firmware/firmware/stm32f103c8t6/libopencm3/lib/libopencm3_stm32f1.a(gpio.o)
 .debug_macro   0x0000000000000f87       0xe8 /home/chace/Github/chacebot_firmware/firmware/stm32f103c8t6/libopencm3/lib/libopencm3_stm32f1.a(gpio.o)
 .debug_macro   0x000000000000106f       0x76 /home/chace/Github/chacebot_firmware/firmware/stm32f103c8t6/libopencm3/lib/libopencm3_stm32f1.a(gpio.o)
 .debug_macro   0x00000000000010e5      0x1b4 /home/chace/Github/chacebot_firmware/firmware/stm32f103c8t6/libopencm3/lib/libopencm3_stm32f1.a(gpio.o)
 .debug_macro   0x0000000000001299       0x76 /home/chace/Github/chacebot_firmware/firmware/stm32f103c8t6/libopencm3/lib/libopencm3_stm32f1.a(gpio.o)
 .debug_macro   0x000000000000130f      0xe04 /home/chace/Github/chacebot_firmware/firmware/stm32f103c8t6/libopencm3/lib/libopencm3_stm32f1.a(gpio.o)
 .debug_macro   0x0000000000002113       0xb8 /home/chace/Github/chacebot_firmware/firmware/stm32f103c8t6/libopencm3/lib/libopencm3_stm32f1.a(gpio_common_all.o)
 .debug_macro   0x00000000000021cb       0xe7 /home/chace/Github/chacebot_firmware/firmware/stm32f103c8t6/libopencm3/lib/libopencm3_stm32f1.a(rcc.o)
 .debug_macro   0x00000000000022b2       0x16 /home/chace/Github/chacebot_firmware/firmware/stm32f103c8t6/libopencm3/lib/libopencm3_stm32f1.a(rcc.o)
 .debug_macro   0x00000000000022c8      0x82c /home/chace/Github/chacebot_firmware/firmware/stm32f103c8t6/libopencm3/lib/libopencm3_stm32f1.a(rcc.o)
 .debug_macro   0x0000000000002af4       0xee /home/chace/Github/chacebot_firmware/firmware/stm32f103c8t6/libopencm3/lib/libopencm3_stm32f1.a(rcc.o)
 .debug_macro   0x0000000000002be2       0x82 /home/chace/Github/chacebot_firmware/firmware/stm32f103c8t6/libopencm3/lib/libopencm3_stm32f1.a(rcc.o)
 .debug_macro   0x0000000000002c64       0xce /home/chace/Github/chacebot_firmware/firmware/stm32f103c8t6/libopencm3/lib/libopencm3_stm32f1.a(rcc_common_all.o)
 .debug_macro   0x0000000000002d32       0xcb /home/chace/Github/chacebot_firmware/firmware/stm32f103c8t6/libopencm3/lib/libopencm3_stm32f1.a(timer_common_all.o)
 .debug_macro   0x0000000000002dfd      0xf9a /home/chace/Github/chacebot_firmware/firmware/stm32f103c8t6/libopencm3/lib/libopencm3_stm32f1.a(timer_common_all.o)
 .debug_macro   0x0000000000003d97       0xda /home/chace/Github/chacebot_firmware/firmware/stm32f103c8t6/libopencm3/lib/libopencm3_stm32f1.a(usart_common_all.o)
 .debug_macro   0x0000000000003e71       0x94 /home/chace/Github/chacebot_firmware/firmware/stm32f103c8t6/libopencm3/lib/libopencm3_stm32f1.a(usart_common_all.o)